<html>
<body>
<pre>
<h1>µVision Build Log</h1>
<h2>Tool Versions:</h2>
IDE-Version: ¦ÌVision V5.39.0.0
Copyright (C) 2023 ARM Ltd and ARM Germany GmbH. All rights reserved.
License Information: sheng yang, zero, LIC=21E4T-R1VYB-KP1ZY-I22F9-BPK1U-Y3Z4G
 
Tool Versions:
Toolchain:       MDK-ARM Plus  Version: 5.39.0.0
Toolchain Path:  C:\Keil_v5\ARM\ARMCLANG\Bin
C Compiler:      ArmClang.exe V6.21
Assembler:       Armasm.exe V6.21
Linker/Locator:  ArmLink.exe V6.21
Library Manager: ArmAr.exe V6.21
Hex Converter:   FromElf.exe V6.21
CPU DLL:         
Dialog DLL:      
Target DLL:      CMSIS_AGDI_V8M.DLL V1.8.1.0
Dialog DLL:      TCM.DLL V1.56.4.0
 
<h2>Project:</h2>
C:\Users\iyshe\Documents\Projects\NXP_BMP\software\boards\frdmmcxn947\usb_examples\usb_device_cdc_vcom\bm\cm33_core0\mdk\dev_cdc_vcom_bm.uvprojx
Project File Date:  09/17/2024

<h2>Output:</h2>
*** Using Compiler 'V6.21', folder: 'C:\Keil_v5\ARM\ARMCLANG\Bin'
Rebuild target 'dev_cdc_vcom_bm debug'
compiling clock_config.c...
compiling board.c...
compiling pin_mux.c...
compiling usb_device_descriptor.c...
compiling usb_device_class.c...
compiling virtual_com.c...
compiling usb_device_dci.c...
compiling usb_device_ch9.c...
compiling usb_device_cdc_acm.c...
compiling usb_device_khci.c...
compiling fsl_common.c...
compiling usb_phy.c...
compiling fsl_common_arm.c...
compiling fsl_reset.c...
compiling fsl_gpio.c...
compiling usb_device_ehci.c...
compiling system_MCXN947_cm33_core0.c...
compiling fsl_lpuart.c...
assembling startup_MCXN947_cm33_core0.S...
compiling fsl_lpflexcomm.c...
compiling fsl_assert.c...
compiling fsl_clock.c...
compiling fsl_spc.c...
compiling fsl_debug_console.c...
compiling main_app.c...
compiling backtrace.c...
compiling div0.c...
compiling fsl_str.c...
compiling fsl_adapter_lpuart.c...
compiling fsl_component_serial_port_uart.c...
compiling fsl_component_generic_list.c...
compiling fsl_component_serial_manager.c...
compiling fsl_os_abstraction_bm.c...
compiling showmem.c...
compiling cpuport.c...
compiling clock.c...
compiling trustzone.c...
compiling cpu.c...
compiling components.c...
assembling context_rvds.S...
compiling idle.c...
compiling irq.c...
assembling syscall_rvds.S...
compiling ipc.c...
compiling mempool.c...
compiling mem.c...
compiling object.c...
compiling slab.c...
compiling memheap.c...
compiling scheduler.c...
compiling thread.c...
compiling timer.c...
compiling kservice.c...
compiling rt_board.c...
linking...
Program Size: Code=12244 RO-data=2000 RW-data=92 ZI-data=18224  
"debug\dev_cdc_vcom_bm.out" - 0 Error(s), 0 Warning(s).

<h2>Software Packages used:</h2>

Package Vendor: NXP
                https://mcuxpresso.nxp.com/cmsis_pack/repo/NXP.MCXN947_DFP.19.0.0.pack
                NXP::MCXN947_DFP@19.0.0
                Device Family Pack for MCXN947

<h2>Collection of Component include folders:</h2>
  C:/Users/iyshe/AppData/Local/Arm/Packs/NXP/MCXN947_DFP/19.0.0/devices/MCXN947

<h2>Collection of Component Files used:</h2>
Build Time Elapsed:  00:00:03
</pre>
</body>
</html>
