<!doctype html public "-//w3c//dtd html 4.0 transitional//en">
<html><head>
<title>Static Call Graph - [debug\dev_cdc_vcom_bm.out]</title></head>
<body><HR>
<H1>Static Call Graph for image debug\dev_cdc_vcom_bm.out</H1><HR>
<BR><P>#&#060CALLGRAPH&#062# ARM Linker, 6210000: Last Updated: Tue Sep 17 11:35:44 2024
<BR><P>
<H3>Maximum Stack Usage =        480 bytes + Unknown(Functions without stacksize, Cycles, Untraceable Function Pointers)</H3><H3>
Call chain for Maximum Stack Depth:</H3>
main &rArr; rt_hw_board_init &rArr; usb_vcom_main &rArr; BOARD_InitDebugConsole &rArr; DbgConsole_Init &rArr; SerialManager_Init &rArr; Serial_UartInit &rArr; HAL_UartInit &rArr; LPUART_Init &rArr; LP_FLEXCOMM_Init &rArr; __aeabi_assert &rArr; DbgConsole_Printf &rArr; StrFormatPrintf &rArr; memcpy
<P>
<H3>
Functions with no stack information
</H3><UL>
 <LI><a href="#[0]">Reset_Handler</a>
 <LI><a href="#[d7]">ADC0_DriverIRQHandler</a>
 <LI><a href="#[d8]">ADC1_DriverIRQHandler</a>
 <LI><a href="#[12f]">BSP32_DriverIRQHandler</a>
 <LI><a href="#[4]">BusFault_Handler</a>
 <LI><a href="#[e8]">CAN0_DriverIRQHandler</a>
 <LI><a href="#[e9]">CAN1_DriverIRQHandler</a>
 <LI><a href="#[107]">CDOG0_DriverIRQHandler</a>
 <LI><a href="#[108]">CDOG1_DriverIRQHandler</a>
 <LI><a href="#[144]">CMC0_DriverIRQHandler</a>
 <LI><a href="#[145]">CTI0_DriverIRQHandler</a>
 <LI><a href="#[c9]">CTIMER0_DriverIRQHandler</a>
 <LI><a href="#[ca]">CTIMER1_DriverIRQHandler</a>
 <LI><a href="#[cc]">CTIMER2_DriverIRQHandler</a>
 <LI><a href="#[e1]">CTIMER3_DriverIRQHandler</a>
 <LI><a href="#[e2]">CTIMER4_DriverIRQHandler</a>
 <LI><a href="#[114]">DAC0_DriverIRQHandler</a>
 <LI><a href="#[115]">DAC1_DriverIRQHandler</a>
 <LI><a href="#[116]">DAC2_DriverIRQHandler</a>
 <LI><a href="#[8]">DebugMon_Handler</a>
 <LI><a href="#[14f]">DefaultISR</a>
 <LI><a href="#[ab]">EDMA_0_CH0_DriverIRQHandler</a>
 <LI><a href="#[b5]">EDMA_0_CH10_DriverIRQHandler</a>
 <LI><a href="#[b6]">EDMA_0_CH11_DriverIRQHandler</a>
 <LI><a href="#[b7]">EDMA_0_CH12_DriverIRQHandler</a>
 <LI><a href="#[b8]">EDMA_0_CH13_DriverIRQHandler</a>
 <LI><a href="#[b9]">EDMA_0_CH14_DriverIRQHandler</a>
 <LI><a href="#[ba]">EDMA_0_CH15_DriverIRQHandler</a>
 <LI><a href="#[ac]">EDMA_0_CH1_DriverIRQHandler</a>
 <LI><a href="#[ad]">EDMA_0_CH2_DriverIRQHandler</a>
 <LI><a href="#[ae]">EDMA_0_CH3_DriverIRQHandler</a>
 <LI><a href="#[af]">EDMA_0_CH4_DriverIRQHandler</a>
 <LI><a href="#[b0]">EDMA_0_CH5_DriverIRQHandler</a>
 <LI><a href="#[b1]">EDMA_0_CH6_DriverIRQHandler</a>
 <LI><a href="#[b2]">EDMA_0_CH7_DriverIRQHandler</a>
 <LI><a href="#[b3]">EDMA_0_CH8_DriverIRQHandler</a>
 <LI><a href="#[b4]">EDMA_0_CH9_DriverIRQHandler</a>
 <LI><a href="#[f7]">EDMA_1_CH0_DriverIRQHandler</a>
 <LI><a href="#[101]">EDMA_1_CH10_DriverIRQHandler</a>
 <LI><a href="#[102]">EDMA_1_CH11_DriverIRQHandler</a>
 <LI><a href="#[103]">EDMA_1_CH12_DriverIRQHandler</a>
 <LI><a href="#[104]">EDMA_1_CH13_DriverIRQHandler</a>
 <LI><a href="#[105]">EDMA_1_CH14_DriverIRQHandler</a>
 <LI><a href="#[106]">EDMA_1_CH15_DriverIRQHandler</a>
 <LI><a href="#[f8]">EDMA_1_CH1_DriverIRQHandler</a>
 <LI><a href="#[f9]">EDMA_1_CH2_DriverIRQHandler</a>
 <LI><a href="#[fa]">EDMA_1_CH3_DriverIRQHandler</a>
 <LI><a href="#[fb]">EDMA_1_CH4_DriverIRQHandler</a>
 <LI><a href="#[fc]">EDMA_1_CH5_DriverIRQHandler</a>
 <LI><a href="#[fd]">EDMA_1_CH6_DriverIRQHandler</a>
 <LI><a href="#[fe]">EDMA_1_CH7_DriverIRQHandler</a>
 <LI><a href="#[ff]">EDMA_1_CH8_DriverIRQHandler</a>
 <LI><a href="#[100]">EDMA_1_CH9_DriverIRQHandler</a>
 <LI><a href="#[f3]">ELS_DriverIRQHandler</a>
 <LI><a href="#[130]">ELS_ERR_DriverIRQHandler</a>
 <LI><a href="#[111]">EMVSIM0_DriverIRQHandler</a>
 <LI><a href="#[112]">EMVSIM1_DriverIRQHandler</a>
 <LI><a href="#[133]">ERM_MULTI_BIT_ERROR_DriverIRQHandler</a>
 <LI><a href="#[132]">ERM_SINGLE_BIT_ERROR_DriverIRQHandler</a>
 <LI><a href="#[13f]">ETB0_DriverIRQHandler</a>
 <LI><a href="#[135]">ETHERNET_DriverIRQHandler</a>
 <LI><a href="#[137]">ETHERNET_MACLP_DriverIRQHandler</a>
 <LI><a href="#[136]">ETHERNET_PMT_DriverIRQHandler</a>
 <LI><a href="#[10e]">EWM0_DriverIRQHandler</a>
 <LI><a href="#[113]">FLEXIO_DriverIRQHandler</a>
 <LI><a href="#[11b]">FLEXPWM0_FAULT_DriverIRQHandler</a>
 <LI><a href="#[11a]">FLEXPWM0_RELOAD_ERROR_DriverIRQHandler</a>
 <LI><a href="#[11c]">FLEXPWM0_SUBMODULE0_DriverIRQHandler</a>
 <LI><a href="#[11d]">FLEXPWM0_SUBMODULE1_DriverIRQHandler</a>
 <LI><a href="#[11e]">FLEXPWM0_SUBMODULE2_DriverIRQHandler</a>
 <LI><a href="#[11f]">FLEXPWM0_SUBMODULE3_DriverIRQHandler</a>
 <LI><a href="#[121]">FLEXPWM1_FAULT_DriverIRQHandler</a>
 <LI><a href="#[120]">FLEXPWM1_RELOAD_ERROR_DriverIRQHandler</a>
 <LI><a href="#[122]">FLEXPWM1_SUBMODULE0_DriverIRQHandler</a>
 <LI><a href="#[123]">FLEXPWM1_SUBMODULE1_DriverIRQHandler</a>
 <LI><a href="#[124]">FLEXPWM1_SUBMODULE2_DriverIRQHandler</a>
 <LI><a href="#[125]">FLEXPWM1_SUBMODULE3_DriverIRQHandler</a>
 <LI><a href="#[e4]">FLEXSPI0_DriverIRQHandler</a>
 <LI><a href="#[134]">FMU0_DriverIRQHandler</a>
 <LI><a href="#[f1]">Freqme_DriverIRQHandler</a>
 <LI><a href="#[10c]">GDET_DriverIRQHandler</a>
 <LI><a href="#[bb]">GPIO00_DriverIRQHandler</a>
 <LI><a href="#[bc]">GPIO01_DriverIRQHandler</a>
 <LI><a href="#[bd]">GPIO10_DriverIRQHandler</a>
 <LI><a href="#[be]">GPIO11_DriverIRQHandler</a>
 <LI><a href="#[bf]">GPIO20_DriverIRQHandler</a>
 <LI><a href="#[c0]">GPIO21_DriverIRQHandler</a>
 <LI><a href="#[c1]">GPIO30_DriverIRQHandler</a>
 <LI><a href="#[c2]">GPIO31_DriverIRQHandler</a>
 <LI><a href="#[c3]">GPIO40_DriverIRQHandler</a>
 <LI><a href="#[c4]">GPIO41_DriverIRQHandler</a>
 <LI><a href="#[c5]">GPIO50_DriverIRQHandler</a>
 <LI><a href="#[c6]">GPIO51_DriverIRQHandler</a>
 <LI><a href="#[117]">HSCMP0_DriverIRQHandler</a>
 <LI><a href="#[118]">HSCMP1_DriverIRQHandler</a>
 <LI><a href="#[119]">HSCMP2_DriverIRQHandler</a>
 <LI><a href="#[109]">I3C0_DriverIRQHandler</a>
 <LI><a href="#[10a]">I3C1_DriverIRQHandler</a>
 <LI><a href="#[12e]">ITRC0_DriverIRQHandler</a>
 <LI><a href="#[139]">LPTMR0_DriverIRQHandler</a>
 <LI><a href="#[13a]">LPTMR1_DriverIRQHandler</a>
 <LI><a href="#[e0]">MAILBOX_DriverIRQHandler</a>
 <LI><a href="#[c8]">MRT0_DriverIRQHandler</a>
 <LI><a href="#[3]">MemManage_Handler</a>
 <LI><a href="#[10b]">NPU_DriverIRQHandler</a>
 <LI><a href="#[aa]">OR_DriverIRQHandler</a>
 <LI><a href="#[e3]">OS_EVENT_DriverIRQHandler</a>
 <LI><a href="#[da]">PDM_EVENT_DriverIRQHandler</a>
 <LI><a href="#[d9]">PINT0_DriverIRQHandler</a>
 <LI><a href="#[f4]">PKC_DriverIRQHandler</a>
 <LI><a href="#[131]">PKC_ERR_DriverIRQHandler</a>
 <LI><a href="#[f0]">PLU_DriverIRQHandler</a>
 <LI><a href="#[13e]">PORT_EFT_DriverIRQHandler</a>
 <LI><a href="#[f6]">PQ_DriverIRQHandler</a>
 <LI><a href="#[f5]">PUF_DriverIRQHandler</a>
 <LI><a href="#[126]">QDC0_COMPARE_DriverIRQHandler</a>
 <LI><a href="#[127]">QDC0_HOME_DriverIRQHandler</a>
 <LI><a href="#[129]">QDC0_IDX_DriverIRQHandler</a>
 <LI><a href="#[128]">QDC0_WDG_SAB_DriverIRQHandler</a>
 <LI><a href="#[12a]">QDC1_COMPARE_DriverIRQHandler</a>
 <LI><a href="#[12b]">QDC1_HOME_DriverIRQHandler</a>
 <LI><a href="#[12d]">QDC1_IDX_DriverIRQHandler</a>
 <LI><a href="#[12c]">QDC1_WDG_SAB_DriverIRQHandler</a>
 <LI><a href="#[de]">RTC_DriverIRQHandler</a>
 <LI><a href="#[140]">Reserved166_DriverIRQHandler</a>
 <LI><a href="#[141]">Reserved167_DriverIRQHandler</a>
 <LI><a href="#[db]">Reserved65_DriverIRQHandler</a>
 <LI><a href="#[ea]">Reserved80_DriverIRQHandler</a>
 <LI><a href="#[eb]">Reserved81_DriverIRQHandler</a>
 <LI><a href="#[ef]">Reserved85_DriverIRQHandler</a>
 <LI><a href="#[e5]">SAI0_DriverIRQHandler</a>
 <LI><a href="#[e6]">SAI1_DriverIRQHandler</a>
 <LI><a href="#[13b]">SCG_DriverIRQHandler</a>
 <LI><a href="#[cb]">SCT0_DriverIRQHandler</a>
 <LI><a href="#[ee]">SEC_HYPERVISOR_CALL_DriverIRQHandler</a>
 <LI><a href="#[f2]">SEC_VIO_DriverIRQHandler</a>
 <LI><a href="#[138]">SINC_FILTER_DriverIRQHandler</a>
 <LI><a href="#[df]">SMARTDMA_DriverIRQHandler</a>
 <LI><a href="#[13c]">SPC_DriverIRQHandler</a>
 <LI><a href="#[6]">SecureFault_Handler</a>
 <LI><a href="#[10f]">TSI_END_OF_SCAN_DriverIRQHandler</a>
 <LI><a href="#[110]">TSI_OUT_OF_SCAN_DriverIRQHandler</a>
 <LI><a href="#[dd]">USB0_DCD_DriverIRQHandler</a>
 <LI><a href="#[dc]">USB0_FS_DriverIRQHandler</a>
 <LI><a href="#[ed]">USB1_HS_DriverIRQHandler</a>
 <LI><a href="#[ec]">USB1_HS_PHY_DriverIRQHandler</a>
 <LI><a href="#[e7]">USDHC0_DriverIRQHandler</a>
 <LI><a href="#[c7]">UTICK0_DriverIRQHandler</a>
 <LI><a href="#[5]">UsageFault_Handler</a>
 <LI><a href="#[10d]">VBAT0_DriverIRQHandler</a>
 <LI><a href="#[13d]">WUU_DriverIRQHandler</a>
 <LI><a href="#[142]">WWDT0_DriverIRQHandler</a>
 <LI><a href="#[143]">WWDT1_DriverIRQHandler</a>
 <LI><a href="#[1]">NMI_Handler</a>
 <LI><a href="#[b]">OR_IRQHandler</a>
 <LI><a href="#[c]">EDMA_0_CH0_IRQHandler</a>
 <LI><a href="#[d]">EDMA_0_CH1_IRQHandler</a>
 <LI><a href="#[e]">EDMA_0_CH2_IRQHandler</a>
 <LI><a href="#[f]">EDMA_0_CH3_IRQHandler</a>
 <LI><a href="#[10]">EDMA_0_CH4_IRQHandler</a>
 <LI><a href="#[11]">EDMA_0_CH5_IRQHandler</a>
 <LI><a href="#[12]">EDMA_0_CH6_IRQHandler</a>
 <LI><a href="#[13]">EDMA_0_CH7_IRQHandler</a>
 <LI><a href="#[14]">EDMA_0_CH8_IRQHandler</a>
 <LI><a href="#[15]">EDMA_0_CH9_IRQHandler</a>
 <LI><a href="#[16]">EDMA_0_CH10_IRQHandler</a>
 <LI><a href="#[17]">EDMA_0_CH11_IRQHandler</a>
 <LI><a href="#[18]">EDMA_0_CH12_IRQHandler</a>
 <LI><a href="#[19]">EDMA_0_CH13_IRQHandler</a>
 <LI><a href="#[1a]">EDMA_0_CH14_IRQHandler</a>
 <LI><a href="#[1b]">EDMA_0_CH15_IRQHandler</a>
 <LI><a href="#[1c]">GPIO00_IRQHandler</a>
 <LI><a href="#[1d]">GPIO01_IRQHandler</a>
 <LI><a href="#[1e]">GPIO10_IRQHandler</a>
 <LI><a href="#[1f]">GPIO11_IRQHandler</a>
 <LI><a href="#[20]">GPIO20_IRQHandler</a>
 <LI><a href="#[21]">GPIO21_IRQHandler</a>
 <LI><a href="#[22]">GPIO30_IRQHandler</a>
 <LI><a href="#[23]">GPIO31_IRQHandler</a>
 <LI><a href="#[24]">GPIO40_IRQHandler</a>
 <LI><a href="#[25]">GPIO41_IRQHandler</a>
 <LI><a href="#[26]">GPIO50_IRQHandler</a>
 <LI><a href="#[27]">GPIO51_IRQHandler</a>
 <LI><a href="#[28]">UTICK0_IRQHandler</a>
 <LI><a href="#[29]">MRT0_IRQHandler</a>
 <LI><a href="#[2a]">CTIMER0_IRQHandler</a>
 <LI><a href="#[2b]">CTIMER1_IRQHandler</a>
 <LI><a href="#[2c]">SCT0_IRQHandler</a>
 <LI><a href="#[2d]">CTIMER2_IRQHandler</a>
 <LI><a href="#[2e]">LP_FLEXCOMM0_IRQHandler</a>
 <LI><a href="#[2f]">LP_FLEXCOMM1_IRQHandler</a>
 <LI><a href="#[30]">LP_FLEXCOMM2_IRQHandler</a>
 <LI><a href="#[31]">LP_FLEXCOMM3_IRQHandler</a>
 <LI><a href="#[32]">LP_FLEXCOMM4_IRQHandler</a>
 <LI><a href="#[33]">LP_FLEXCOMM5_IRQHandler</a>
 <LI><a href="#[34]">LP_FLEXCOMM6_IRQHandler</a>
 <LI><a href="#[35]">LP_FLEXCOMM7_IRQHandler</a>
 <LI><a href="#[36]">LP_FLEXCOMM8_IRQHandler</a>
 <LI><a href="#[37]">LP_FLEXCOMM9_IRQHandler</a>
 <LI><a href="#[38]">ADC0_IRQHandler</a>
 <LI><a href="#[39]">ADC1_IRQHandler</a>
 <LI><a href="#[3a]">PINT0_IRQHandler</a>
 <LI><a href="#[3b]">PDM_EVENT_IRQHandler</a>
 <LI><a href="#[3c]">Reserved65_IRQHandler</a>
 <LI><a href="#[3d]">USB0_FS_IRQHandler</a>
 <LI><a href="#[3e]">USB0_DCD_IRQHandler</a>
 <LI><a href="#[3f]">RTC_IRQHandler</a>
 <LI><a href="#[40]">SMARTDMA_IRQHandler</a>
 <LI><a href="#[41]">MAILBOX_IRQHandler</a>
 <LI><a href="#[42]">CTIMER3_IRQHandler</a>
 <LI><a href="#[43]">CTIMER4_IRQHandler</a>
 <LI><a href="#[44]">OS_EVENT_IRQHandler</a>
 <LI><a href="#[45]">FLEXSPI0_IRQHandler</a>
 <LI><a href="#[46]">SAI0_IRQHandler</a>
 <LI><a href="#[47]">SAI1_IRQHandler</a>
 <LI><a href="#[48]">USDHC0_IRQHandler</a>
 <LI><a href="#[49]">CAN0_IRQHandler</a>
 <LI><a href="#[4a]">CAN1_IRQHandler</a>
 <LI><a href="#[4b]">Reserved80_IRQHandler</a>
 <LI><a href="#[4c]">Reserved81_IRQHandler</a>
 <LI><a href="#[4d]">USB1_HS_PHY_IRQHandler</a>
 <LI><a href="#[4f]">SEC_HYPERVISOR_CALL_IRQHandler</a>
 <LI><a href="#[50]">Reserved85_IRQHandler</a>
 <LI><a href="#[51]">PLU_IRQHandler</a>
 <LI><a href="#[52]">Freqme_IRQHandler</a>
 <LI><a href="#[53]">SEC_VIO_IRQHandler</a>
 <LI><a href="#[54]">ELS_IRQHandler</a>
 <LI><a href="#[55]">PKC_IRQHandler</a>
 <LI><a href="#[56]">PUF_IRQHandler</a>
 <LI><a href="#[57]">PQ_IRQHandler</a>
 <LI><a href="#[58]">EDMA_1_CH0_IRQHandler</a>
 <LI><a href="#[59]">EDMA_1_CH1_IRQHandler</a>
 <LI><a href="#[5a]">EDMA_1_CH2_IRQHandler</a>
 <LI><a href="#[5b]">EDMA_1_CH3_IRQHandler</a>
 <LI><a href="#[5c]">EDMA_1_CH4_IRQHandler</a>
 <LI><a href="#[5d]">EDMA_1_CH5_IRQHandler</a>
 <LI><a href="#[5e]">EDMA_1_CH6_IRQHandler</a>
 <LI><a href="#[5f]">EDMA_1_CH7_IRQHandler</a>
 <LI><a href="#[60]">EDMA_1_CH8_IRQHandler</a>
 <LI><a href="#[61]">EDMA_1_CH9_IRQHandler</a>
 <LI><a href="#[62]">EDMA_1_CH10_IRQHandler</a>
 <LI><a href="#[63]">EDMA_1_CH11_IRQHandler</a>
 <LI><a href="#[64]">EDMA_1_CH12_IRQHandler</a>
 <LI><a href="#[65]">EDMA_1_CH13_IRQHandler</a>
 <LI><a href="#[66]">EDMA_1_CH14_IRQHandler</a>
 <LI><a href="#[67]">EDMA_1_CH15_IRQHandler</a>
 <LI><a href="#[68]">CDOG0_IRQHandler</a>
 <LI><a href="#[69]">CDOG1_IRQHandler</a>
 <LI><a href="#[6a]">I3C0_IRQHandler</a>
 <LI><a href="#[6b]">I3C1_IRQHandler</a>
 <LI><a href="#[6c]">NPU_IRQHandler</a>
 <LI><a href="#[6d]">GDET_IRQHandler</a>
 <LI><a href="#[6e]">VBAT0_IRQHandler</a>
 <LI><a href="#[6f]">EWM0_IRQHandler</a>
 <LI><a href="#[70]">TSI_END_OF_SCAN_IRQHandler</a>
 <LI><a href="#[71]">TSI_OUT_OF_SCAN_IRQHandler</a>
 <LI><a href="#[72]">EMVSIM0_IRQHandler</a>
 <LI><a href="#[73]">EMVSIM1_IRQHandler</a>
 <LI><a href="#[74]">FLEXIO_IRQHandler</a>
 <LI><a href="#[75]">DAC0_IRQHandler</a>
 <LI><a href="#[76]">DAC1_IRQHandler</a>
 <LI><a href="#[77]">DAC2_IRQHandler</a>
 <LI><a href="#[78]">HSCMP0_IRQHandler</a>
 <LI><a href="#[79]">HSCMP1_IRQHandler</a>
 <LI><a href="#[7a]">HSCMP2_IRQHandler</a>
 <LI><a href="#[7b]">FLEXPWM0_RELOAD_ERROR_IRQHandler</a>
 <LI><a href="#[7c]">FLEXPWM0_FAULT_IRQHandler</a>
 <LI><a href="#[7d]">FLEXPWM0_SUBMODULE0_IRQHandler</a>
 <LI><a href="#[7e]">FLEXPWM0_SUBMODULE1_IRQHandler</a>
 <LI><a href="#[7f]">FLEXPWM0_SUBMODULE2_IRQHandler</a>
 <LI><a href="#[80]">FLEXPWM0_SUBMODULE3_IRQHandler</a>
 <LI><a href="#[81]">FLEXPWM1_RELOAD_ERROR_IRQHandler</a>
 <LI><a href="#[82]">FLEXPWM1_FAULT_IRQHandler</a>
 <LI><a href="#[83]">FLEXPWM1_SUBMODULE0_IRQHandler</a>
 <LI><a href="#[84]">FLEXPWM1_SUBMODULE1_IRQHandler</a>
 <LI><a href="#[85]">FLEXPWM1_SUBMODULE2_IRQHandler</a>
 <LI><a href="#[86]">FLEXPWM1_SUBMODULE3_IRQHandler</a>
 <LI><a href="#[87]">QDC0_COMPARE_IRQHandler</a>
 <LI><a href="#[88]">QDC0_HOME_IRQHandler</a>
 <LI><a href="#[89]">QDC0_WDG_SAB_IRQHandler</a>
 <LI><a href="#[8a]">QDC0_IDX_IRQHandler</a>
 <LI><a href="#[8b]">QDC1_COMPARE_IRQHandler</a>
 <LI><a href="#[8c]">QDC1_HOME_IRQHandler</a>
 <LI><a href="#[8d]">QDC1_WDG_SAB_IRQHandler</a>
 <LI><a href="#[8e]">QDC1_IDX_IRQHandler</a>
 <LI><a href="#[8f]">ITRC0_IRQHandler</a>
 <LI><a href="#[90]">BSP32_IRQHandler</a>
 <LI><a href="#[91]">ELS_ERR_IRQHandler</a>
 <LI><a href="#[92]">PKC_ERR_IRQHandler</a>
 <LI><a href="#[93]">ERM_SINGLE_BIT_ERROR_IRQHandler</a>
 <LI><a href="#[94]">ERM_MULTI_BIT_ERROR_IRQHandler</a>
 <LI><a href="#[95]">FMU0_IRQHandler</a>
 <LI><a href="#[96]">ETHERNET_IRQHandler</a>
 <LI><a href="#[97]">ETHERNET_PMT_IRQHandler</a>
 <LI><a href="#[98]">ETHERNET_MACLP_IRQHandler</a>
 <LI><a href="#[99]">SINC_FILTER_IRQHandler</a>
 <LI><a href="#[9a]">LPTMR0_IRQHandler</a>
 <LI><a href="#[9b]">LPTMR1_IRQHandler</a>
 <LI><a href="#[9c]">SCG_IRQHandler</a>
 <LI><a href="#[9d]">SPC_IRQHandler</a>
 <LI><a href="#[9e]">WUU_IRQHandler</a>
 <LI><a href="#[9f]">PORT_EFT_IRQHandler</a>
 <LI><a href="#[a0]">ETB0_IRQHandler</a>
 <LI><a href="#[a1]">Reserved166_IRQHandler</a>
 <LI><a href="#[a2]">Reserved167_IRQHandler</a>
 <LI><a href="#[a3]">WWDT0_IRQHandler</a>
 <LI><a href="#[a4]">WWDT1_IRQHandler</a>
 <LI><a href="#[a5]">CMC0_IRQHandler</a>
 <LI><a href="#[a6]">CTI0_IRQHandler</a>
</UL>
</UL>
<P>
<H3>
Mutually Recursive functions
</H3> <LI><a href="#[182]">LPUART_WriteBlocking</a>&nbsp;&nbsp;&nbsp;&rArr;&nbsp;&nbsp;&nbsp;<a href="#[180]">__aeabi_assert</a><BR>
 <LI><a href="#[181]">HAL_UartSendBlocking</a>&nbsp;&nbsp;&nbsp;&rArr;&nbsp;&nbsp;&nbsp;<a href="#[180]">__aeabi_assert</a><BR>
 <LI><a href="#[148]">rt_thread_idle_entry</a>&nbsp;&nbsp;&nbsp;&rArr;&nbsp;&nbsp;&nbsp;<a href="#[148]">rt_thread_idle_entry</a><BR>
</UL>
<P>
<H3>
Function Pointers
</H3><UL>
 <LI><a href="#[d7]">ADC0_DriverIRQHandler</a> from startup_mcxn947_cm33_core0.o(.text) referenced from startup_mcxn947_cm33_core0.o(.text)
 <LI><a href="#[38]">ADC0_IRQHandler</a> from startup_mcxn947_cm33_core0.o(.text) referenced from startup_mcxn947_cm33_core0.o(.isr_vector)
 <LI><a href="#[d8]">ADC1_DriverIRQHandler</a> from startup_mcxn947_cm33_core0.o(.text) referenced from startup_mcxn947_cm33_core0.o(.text)
 <LI><a href="#[39]">ADC1_IRQHandler</a> from startup_mcxn947_cm33_core0.o(.text) referenced from startup_mcxn947_cm33_core0.o(.isr_vector)
 <LI><a href="#[12f]">BSP32_DriverIRQHandler</a> from startup_mcxn947_cm33_core0.o(.text) referenced from startup_mcxn947_cm33_core0.o(.text)
 <LI><a href="#[90]">BSP32_IRQHandler</a> from startup_mcxn947_cm33_core0.o(.text) referenced from startup_mcxn947_cm33_core0.o(.isr_vector)
 <LI><a href="#[4]">BusFault_Handler</a> from startup_mcxn947_cm33_core0.o(.text) referenced from startup_mcxn947_cm33_core0.o(.isr_vector)
 <LI><a href="#[e8]">CAN0_DriverIRQHandler</a> from startup_mcxn947_cm33_core0.o(.text) referenced from startup_mcxn947_cm33_core0.o(.text)
 <LI><a href="#[49]">CAN0_IRQHandler</a> from startup_mcxn947_cm33_core0.o(.text) referenced from startup_mcxn947_cm33_core0.o(.isr_vector)
 <LI><a href="#[e9]">CAN1_DriverIRQHandler</a> from startup_mcxn947_cm33_core0.o(.text) referenced from startup_mcxn947_cm33_core0.o(.text)
 <LI><a href="#[4a]">CAN1_IRQHandler</a> from startup_mcxn947_cm33_core0.o(.text) referenced from startup_mcxn947_cm33_core0.o(.isr_vector)
 <LI><a href="#[107]">CDOG0_DriverIRQHandler</a> from startup_mcxn947_cm33_core0.o(.text) referenced from startup_mcxn947_cm33_core0.o(.text)
 <LI><a href="#[68]">CDOG0_IRQHandler</a> from startup_mcxn947_cm33_core0.o(.text) referenced from startup_mcxn947_cm33_core0.o(.isr_vector)
 <LI><a href="#[108]">CDOG1_DriverIRQHandler</a> from startup_mcxn947_cm33_core0.o(.text) referenced from startup_mcxn947_cm33_core0.o(.text)
 <LI><a href="#[69]">CDOG1_IRQHandler</a> from startup_mcxn947_cm33_core0.o(.text) referenced from startup_mcxn947_cm33_core0.o(.isr_vector)
 <LI><a href="#[144]">CMC0_DriverIRQHandler</a> from startup_mcxn947_cm33_core0.o(.text) referenced from startup_mcxn947_cm33_core0.o(.text)
 <LI><a href="#[a5]">CMC0_IRQHandler</a> from startup_mcxn947_cm33_core0.o(.text) referenced from startup_mcxn947_cm33_core0.o(.isr_vector)
 <LI><a href="#[145]">CTI0_DriverIRQHandler</a> from startup_mcxn947_cm33_core0.o(.text) referenced from startup_mcxn947_cm33_core0.o(.text)
 <LI><a href="#[a6]">CTI0_IRQHandler</a> from startup_mcxn947_cm33_core0.o(.text) referenced from startup_mcxn947_cm33_core0.o(.isr_vector)
 <LI><a href="#[c9]">CTIMER0_DriverIRQHandler</a> from startup_mcxn947_cm33_core0.o(.text) referenced from startup_mcxn947_cm33_core0.o(.text)
 <LI><a href="#[2a]">CTIMER0_IRQHandler</a> from startup_mcxn947_cm33_core0.o(.text) referenced from startup_mcxn947_cm33_core0.o(.isr_vector)
 <LI><a href="#[ca]">CTIMER1_DriverIRQHandler</a> from startup_mcxn947_cm33_core0.o(.text) referenced from startup_mcxn947_cm33_core0.o(.text)
 <LI><a href="#[2b]">CTIMER1_IRQHandler</a> from startup_mcxn947_cm33_core0.o(.text) referenced from startup_mcxn947_cm33_core0.o(.isr_vector)
 <LI><a href="#[cc]">CTIMER2_DriverIRQHandler</a> from startup_mcxn947_cm33_core0.o(.text) referenced from startup_mcxn947_cm33_core0.o(.text)
 <LI><a href="#[2d]">CTIMER2_IRQHandler</a> from startup_mcxn947_cm33_core0.o(.text) referenced from startup_mcxn947_cm33_core0.o(.isr_vector)
 <LI><a href="#[e1]">CTIMER3_DriverIRQHandler</a> from startup_mcxn947_cm33_core0.o(.text) referenced from startup_mcxn947_cm33_core0.o(.text)
 <LI><a href="#[42]">CTIMER3_IRQHandler</a> from startup_mcxn947_cm33_core0.o(.text) referenced from startup_mcxn947_cm33_core0.o(.isr_vector)
 <LI><a href="#[e2]">CTIMER4_DriverIRQHandler</a> from startup_mcxn947_cm33_core0.o(.text) referenced from startup_mcxn947_cm33_core0.o(.text)
 <LI><a href="#[43]">CTIMER4_IRQHandler</a> from startup_mcxn947_cm33_core0.o(.text) referenced from startup_mcxn947_cm33_core0.o(.isr_vector)
 <LI><a href="#[114]">DAC0_DriverIRQHandler</a> from startup_mcxn947_cm33_core0.o(.text) referenced from startup_mcxn947_cm33_core0.o(.text)
 <LI><a href="#[75]">DAC0_IRQHandler</a> from startup_mcxn947_cm33_core0.o(.text) referenced from startup_mcxn947_cm33_core0.o(.isr_vector)
 <LI><a href="#[115]">DAC1_DriverIRQHandler</a> from startup_mcxn947_cm33_core0.o(.text) referenced from startup_mcxn947_cm33_core0.o(.text)
 <LI><a href="#[76]">DAC1_IRQHandler</a> from startup_mcxn947_cm33_core0.o(.text) referenced from startup_mcxn947_cm33_core0.o(.isr_vector)
 <LI><a href="#[116]">DAC2_DriverIRQHandler</a> from startup_mcxn947_cm33_core0.o(.text) referenced from startup_mcxn947_cm33_core0.o(.text)
 <LI><a href="#[77]">DAC2_IRQHandler</a> from startup_mcxn947_cm33_core0.o(.text) referenced from startup_mcxn947_cm33_core0.o(.isr_vector)
 <LI><a href="#[147]">DbgConsole_PrintCallback</a> from fsl_debug_console.o(.text.DbgConsole_PrintCallback) referenced 2 times from fsl_debug_console.o(.text.DbgConsole_Printf)
 <LI><a href="#[8]">DebugMon_Handler</a> from startup_mcxn947_cm33_core0.o(.text) referenced from startup_mcxn947_cm33_core0.o(.isr_vector)
 <LI><a href="#[ab]">EDMA_0_CH0_DriverIRQHandler</a> from startup_mcxn947_cm33_core0.o(.text) referenced from startup_mcxn947_cm33_core0.o(.text)
 <LI><a href="#[c]">EDMA_0_CH0_IRQHandler</a> from startup_mcxn947_cm33_core0.o(.text) referenced from startup_mcxn947_cm33_core0.o(.isr_vector)
 <LI><a href="#[b5]">EDMA_0_CH10_DriverIRQHandler</a> from startup_mcxn947_cm33_core0.o(.text) referenced from startup_mcxn947_cm33_core0.o(.text)
 <LI><a href="#[16]">EDMA_0_CH10_IRQHandler</a> from startup_mcxn947_cm33_core0.o(.text) referenced from startup_mcxn947_cm33_core0.o(.isr_vector)
 <LI><a href="#[b6]">EDMA_0_CH11_DriverIRQHandler</a> from startup_mcxn947_cm33_core0.o(.text) referenced from startup_mcxn947_cm33_core0.o(.text)
 <LI><a href="#[17]">EDMA_0_CH11_IRQHandler</a> from startup_mcxn947_cm33_core0.o(.text) referenced from startup_mcxn947_cm33_core0.o(.isr_vector)
 <LI><a href="#[b7]">EDMA_0_CH12_DriverIRQHandler</a> from startup_mcxn947_cm33_core0.o(.text) referenced from startup_mcxn947_cm33_core0.o(.text)
 <LI><a href="#[18]">EDMA_0_CH12_IRQHandler</a> from startup_mcxn947_cm33_core0.o(.text) referenced from startup_mcxn947_cm33_core0.o(.isr_vector)
 <LI><a href="#[b8]">EDMA_0_CH13_DriverIRQHandler</a> from startup_mcxn947_cm33_core0.o(.text) referenced from startup_mcxn947_cm33_core0.o(.text)
 <LI><a href="#[19]">EDMA_0_CH13_IRQHandler</a> from startup_mcxn947_cm33_core0.o(.text) referenced from startup_mcxn947_cm33_core0.o(.isr_vector)
 <LI><a href="#[b9]">EDMA_0_CH14_DriverIRQHandler</a> from startup_mcxn947_cm33_core0.o(.text) referenced from startup_mcxn947_cm33_core0.o(.text)
 <LI><a href="#[1a]">EDMA_0_CH14_IRQHandler</a> from startup_mcxn947_cm33_core0.o(.text) referenced from startup_mcxn947_cm33_core0.o(.isr_vector)
 <LI><a href="#[ba]">EDMA_0_CH15_DriverIRQHandler</a> from startup_mcxn947_cm33_core0.o(.text) referenced from startup_mcxn947_cm33_core0.o(.text)
 <LI><a href="#[1b]">EDMA_0_CH15_IRQHandler</a> from startup_mcxn947_cm33_core0.o(.text) referenced from startup_mcxn947_cm33_core0.o(.isr_vector)
 <LI><a href="#[ac]">EDMA_0_CH1_DriverIRQHandler</a> from startup_mcxn947_cm33_core0.o(.text) referenced from startup_mcxn947_cm33_core0.o(.text)
 <LI><a href="#[d]">EDMA_0_CH1_IRQHandler</a> from startup_mcxn947_cm33_core0.o(.text) referenced from startup_mcxn947_cm33_core0.o(.isr_vector)
 <LI><a href="#[ad]">EDMA_0_CH2_DriverIRQHandler</a> from startup_mcxn947_cm33_core0.o(.text) referenced from startup_mcxn947_cm33_core0.o(.text)
 <LI><a href="#[e]">EDMA_0_CH2_IRQHandler</a> from startup_mcxn947_cm33_core0.o(.text) referenced from startup_mcxn947_cm33_core0.o(.isr_vector)
 <LI><a href="#[ae]">EDMA_0_CH3_DriverIRQHandler</a> from startup_mcxn947_cm33_core0.o(.text) referenced from startup_mcxn947_cm33_core0.o(.text)
 <LI><a href="#[f]">EDMA_0_CH3_IRQHandler</a> from startup_mcxn947_cm33_core0.o(.text) referenced from startup_mcxn947_cm33_core0.o(.isr_vector)
 <LI><a href="#[af]">EDMA_0_CH4_DriverIRQHandler</a> from startup_mcxn947_cm33_core0.o(.text) referenced from startup_mcxn947_cm33_core0.o(.text)
 <LI><a href="#[10]">EDMA_0_CH4_IRQHandler</a> from startup_mcxn947_cm33_core0.o(.text) referenced from startup_mcxn947_cm33_core0.o(.isr_vector)
 <LI><a href="#[b0]">EDMA_0_CH5_DriverIRQHandler</a> from startup_mcxn947_cm33_core0.o(.text) referenced from startup_mcxn947_cm33_core0.o(.text)
 <LI><a href="#[11]">EDMA_0_CH5_IRQHandler</a> from startup_mcxn947_cm33_core0.o(.text) referenced from startup_mcxn947_cm33_core0.o(.isr_vector)
 <LI><a href="#[b1]">EDMA_0_CH6_DriverIRQHandler</a> from startup_mcxn947_cm33_core0.o(.text) referenced from startup_mcxn947_cm33_core0.o(.text)
 <LI><a href="#[12]">EDMA_0_CH6_IRQHandler</a> from startup_mcxn947_cm33_core0.o(.text) referenced from startup_mcxn947_cm33_core0.o(.isr_vector)
 <LI><a href="#[b2]">EDMA_0_CH7_DriverIRQHandler</a> from startup_mcxn947_cm33_core0.o(.text) referenced from startup_mcxn947_cm33_core0.o(.text)
 <LI><a href="#[13]">EDMA_0_CH7_IRQHandler</a> from startup_mcxn947_cm33_core0.o(.text) referenced from startup_mcxn947_cm33_core0.o(.isr_vector)
 <LI><a href="#[b3]">EDMA_0_CH8_DriverIRQHandler</a> from startup_mcxn947_cm33_core0.o(.text) referenced from startup_mcxn947_cm33_core0.o(.text)
 <LI><a href="#[14]">EDMA_0_CH8_IRQHandler</a> from startup_mcxn947_cm33_core0.o(.text) referenced from startup_mcxn947_cm33_core0.o(.isr_vector)
 <LI><a href="#[b4]">EDMA_0_CH9_DriverIRQHandler</a> from startup_mcxn947_cm33_core0.o(.text) referenced from startup_mcxn947_cm33_core0.o(.text)
 <LI><a href="#[15]">EDMA_0_CH9_IRQHandler</a> from startup_mcxn947_cm33_core0.o(.text) referenced from startup_mcxn947_cm33_core0.o(.isr_vector)
 <LI><a href="#[f7]">EDMA_1_CH0_DriverIRQHandler</a> from startup_mcxn947_cm33_core0.o(.text) referenced from startup_mcxn947_cm33_core0.o(.text)
 <LI><a href="#[58]">EDMA_1_CH0_IRQHandler</a> from startup_mcxn947_cm33_core0.o(.text) referenced from startup_mcxn947_cm33_core0.o(.isr_vector)
 <LI><a href="#[101]">EDMA_1_CH10_DriverIRQHandler</a> from startup_mcxn947_cm33_core0.o(.text) referenced from startup_mcxn947_cm33_core0.o(.text)
 <LI><a href="#[62]">EDMA_1_CH10_IRQHandler</a> from startup_mcxn947_cm33_core0.o(.text) referenced from startup_mcxn947_cm33_core0.o(.isr_vector)
 <LI><a href="#[102]">EDMA_1_CH11_DriverIRQHandler</a> from startup_mcxn947_cm33_core0.o(.text) referenced from startup_mcxn947_cm33_core0.o(.text)
 <LI><a href="#[63]">EDMA_1_CH11_IRQHandler</a> from startup_mcxn947_cm33_core0.o(.text) referenced from startup_mcxn947_cm33_core0.o(.isr_vector)
 <LI><a href="#[103]">EDMA_1_CH12_DriverIRQHandler</a> from startup_mcxn947_cm33_core0.o(.text) referenced from startup_mcxn947_cm33_core0.o(.text)
 <LI><a href="#[64]">EDMA_1_CH12_IRQHandler</a> from startup_mcxn947_cm33_core0.o(.text) referenced from startup_mcxn947_cm33_core0.o(.isr_vector)
 <LI><a href="#[104]">EDMA_1_CH13_DriverIRQHandler</a> from startup_mcxn947_cm33_core0.o(.text) referenced from startup_mcxn947_cm33_core0.o(.text)
 <LI><a href="#[65]">EDMA_1_CH13_IRQHandler</a> from startup_mcxn947_cm33_core0.o(.text) referenced from startup_mcxn947_cm33_core0.o(.isr_vector)
 <LI><a href="#[105]">EDMA_1_CH14_DriverIRQHandler</a> from startup_mcxn947_cm33_core0.o(.text) referenced from startup_mcxn947_cm33_core0.o(.text)
 <LI><a href="#[66]">EDMA_1_CH14_IRQHandler</a> from startup_mcxn947_cm33_core0.o(.text) referenced from startup_mcxn947_cm33_core0.o(.isr_vector)
 <LI><a href="#[106]">EDMA_1_CH15_DriverIRQHandler</a> from startup_mcxn947_cm33_core0.o(.text) referenced from startup_mcxn947_cm33_core0.o(.text)
 <LI><a href="#[67]">EDMA_1_CH15_IRQHandler</a> from startup_mcxn947_cm33_core0.o(.text) referenced from startup_mcxn947_cm33_core0.o(.isr_vector)
 <LI><a href="#[f8]">EDMA_1_CH1_DriverIRQHandler</a> from startup_mcxn947_cm33_core0.o(.text) referenced from startup_mcxn947_cm33_core0.o(.text)
 <LI><a href="#[59]">EDMA_1_CH1_IRQHandler</a> from startup_mcxn947_cm33_core0.o(.text) referenced from startup_mcxn947_cm33_core0.o(.isr_vector)
 <LI><a href="#[f9]">EDMA_1_CH2_DriverIRQHandler</a> from startup_mcxn947_cm33_core0.o(.text) referenced from startup_mcxn947_cm33_core0.o(.text)
 <LI><a href="#[5a]">EDMA_1_CH2_IRQHandler</a> from startup_mcxn947_cm33_core0.o(.text) referenced from startup_mcxn947_cm33_core0.o(.isr_vector)
 <LI><a href="#[fa]">EDMA_1_CH3_DriverIRQHandler</a> from startup_mcxn947_cm33_core0.o(.text) referenced from startup_mcxn947_cm33_core0.o(.text)
 <LI><a href="#[5b]">EDMA_1_CH3_IRQHandler</a> from startup_mcxn947_cm33_core0.o(.text) referenced from startup_mcxn947_cm33_core0.o(.isr_vector)
 <LI><a href="#[fb]">EDMA_1_CH4_DriverIRQHandler</a> from startup_mcxn947_cm33_core0.o(.text) referenced from startup_mcxn947_cm33_core0.o(.text)
 <LI><a href="#[5c]">EDMA_1_CH4_IRQHandler</a> from startup_mcxn947_cm33_core0.o(.text) referenced from startup_mcxn947_cm33_core0.o(.isr_vector)
 <LI><a href="#[fc]">EDMA_1_CH5_DriverIRQHandler</a> from startup_mcxn947_cm33_core0.o(.text) referenced from startup_mcxn947_cm33_core0.o(.text)
 <LI><a href="#[5d]">EDMA_1_CH5_IRQHandler</a> from startup_mcxn947_cm33_core0.o(.text) referenced from startup_mcxn947_cm33_core0.o(.isr_vector)
 <LI><a href="#[fd]">EDMA_1_CH6_DriverIRQHandler</a> from startup_mcxn947_cm33_core0.o(.text) referenced from startup_mcxn947_cm33_core0.o(.text)
 <LI><a href="#[5e]">EDMA_1_CH6_IRQHandler</a> from startup_mcxn947_cm33_core0.o(.text) referenced from startup_mcxn947_cm33_core0.o(.isr_vector)
 <LI><a href="#[fe]">EDMA_1_CH7_DriverIRQHandler</a> from startup_mcxn947_cm33_core0.o(.text) referenced from startup_mcxn947_cm33_core0.o(.text)
 <LI><a href="#[5f]">EDMA_1_CH7_IRQHandler</a> from startup_mcxn947_cm33_core0.o(.text) referenced from startup_mcxn947_cm33_core0.o(.isr_vector)
 <LI><a href="#[ff]">EDMA_1_CH8_DriverIRQHandler</a> from startup_mcxn947_cm33_core0.o(.text) referenced from startup_mcxn947_cm33_core0.o(.text)
 <LI><a href="#[60]">EDMA_1_CH8_IRQHandler</a> from startup_mcxn947_cm33_core0.o(.text) referenced from startup_mcxn947_cm33_core0.o(.isr_vector)
 <LI><a href="#[100]">EDMA_1_CH9_DriverIRQHandler</a> from startup_mcxn947_cm33_core0.o(.text) referenced from startup_mcxn947_cm33_core0.o(.text)
 <LI><a href="#[61]">EDMA_1_CH9_IRQHandler</a> from startup_mcxn947_cm33_core0.o(.text) referenced from startup_mcxn947_cm33_core0.o(.isr_vector)
 <LI><a href="#[f3]">ELS_DriverIRQHandler</a> from startup_mcxn947_cm33_core0.o(.text) referenced from startup_mcxn947_cm33_core0.o(.text)
 <LI><a href="#[130]">ELS_ERR_DriverIRQHandler</a> from startup_mcxn947_cm33_core0.o(.text) referenced from startup_mcxn947_cm33_core0.o(.text)
 <LI><a href="#[91]">ELS_ERR_IRQHandler</a> from startup_mcxn947_cm33_core0.o(.text) referenced from startup_mcxn947_cm33_core0.o(.isr_vector)
 <LI><a href="#[54]">ELS_IRQHandler</a> from startup_mcxn947_cm33_core0.o(.text) referenced from startup_mcxn947_cm33_core0.o(.isr_vector)
 <LI><a href="#[111]">EMVSIM0_DriverIRQHandler</a> from startup_mcxn947_cm33_core0.o(.text) referenced from startup_mcxn947_cm33_core0.o(.text)
 <LI><a href="#[72]">EMVSIM0_IRQHandler</a> from startup_mcxn947_cm33_core0.o(.text) referenced from startup_mcxn947_cm33_core0.o(.isr_vector)
 <LI><a href="#[112]">EMVSIM1_DriverIRQHandler</a> from startup_mcxn947_cm33_core0.o(.text) referenced from startup_mcxn947_cm33_core0.o(.text)
 <LI><a href="#[73]">EMVSIM1_IRQHandler</a> from startup_mcxn947_cm33_core0.o(.text) referenced from startup_mcxn947_cm33_core0.o(.isr_vector)
 <LI><a href="#[133]">ERM_MULTI_BIT_ERROR_DriverIRQHandler</a> from startup_mcxn947_cm33_core0.o(.text) referenced from startup_mcxn947_cm33_core0.o(.text)
 <LI><a href="#[94]">ERM_MULTI_BIT_ERROR_IRQHandler</a> from startup_mcxn947_cm33_core0.o(.text) referenced from startup_mcxn947_cm33_core0.o(.isr_vector)
 <LI><a href="#[132]">ERM_SINGLE_BIT_ERROR_DriverIRQHandler</a> from startup_mcxn947_cm33_core0.o(.text) referenced from startup_mcxn947_cm33_core0.o(.text)
 <LI><a href="#[93]">ERM_SINGLE_BIT_ERROR_IRQHandler</a> from startup_mcxn947_cm33_core0.o(.text) referenced from startup_mcxn947_cm33_core0.o(.isr_vector)
 <LI><a href="#[13f]">ETB0_DriverIRQHandler</a> from startup_mcxn947_cm33_core0.o(.text) referenced from startup_mcxn947_cm33_core0.o(.text)
 <LI><a href="#[a0]">ETB0_IRQHandler</a> from startup_mcxn947_cm33_core0.o(.text) referenced from startup_mcxn947_cm33_core0.o(.isr_vector)
 <LI><a href="#[135]">ETHERNET_DriverIRQHandler</a> from startup_mcxn947_cm33_core0.o(.text) referenced from startup_mcxn947_cm33_core0.o(.text)
 <LI><a href="#[96]">ETHERNET_IRQHandler</a> from startup_mcxn947_cm33_core0.o(.text) referenced from startup_mcxn947_cm33_core0.o(.isr_vector)
 <LI><a href="#[137]">ETHERNET_MACLP_DriverIRQHandler</a> from startup_mcxn947_cm33_core0.o(.text) referenced from startup_mcxn947_cm33_core0.o(.text)
 <LI><a href="#[98]">ETHERNET_MACLP_IRQHandler</a> from startup_mcxn947_cm33_core0.o(.text) referenced from startup_mcxn947_cm33_core0.o(.isr_vector)
 <LI><a href="#[136]">ETHERNET_PMT_DriverIRQHandler</a> from startup_mcxn947_cm33_core0.o(.text) referenced from startup_mcxn947_cm33_core0.o(.text)
 <LI><a href="#[97]">ETHERNET_PMT_IRQHandler</a> from startup_mcxn947_cm33_core0.o(.text) referenced from startup_mcxn947_cm33_core0.o(.isr_vector)
 <LI><a href="#[10e]">EWM0_DriverIRQHandler</a> from startup_mcxn947_cm33_core0.o(.text) referenced from startup_mcxn947_cm33_core0.o(.text)
 <LI><a href="#[6f]">EWM0_IRQHandler</a> from startup_mcxn947_cm33_core0.o(.text) referenced from startup_mcxn947_cm33_core0.o(.isr_vector)
 <LI><a href="#[113]">FLEXIO_DriverIRQHandler</a> from startup_mcxn947_cm33_core0.o(.text) referenced from startup_mcxn947_cm33_core0.o(.text)
 <LI><a href="#[74]">FLEXIO_IRQHandler</a> from startup_mcxn947_cm33_core0.o(.text) referenced from startup_mcxn947_cm33_core0.o(.isr_vector)
 <LI><a href="#[11b]">FLEXPWM0_FAULT_DriverIRQHandler</a> from startup_mcxn947_cm33_core0.o(.text) referenced from startup_mcxn947_cm33_core0.o(.text)
 <LI><a href="#[7c]">FLEXPWM0_FAULT_IRQHandler</a> from startup_mcxn947_cm33_core0.o(.text) referenced from startup_mcxn947_cm33_core0.o(.isr_vector)
 <LI><a href="#[11a]">FLEXPWM0_RELOAD_ERROR_DriverIRQHandler</a> from startup_mcxn947_cm33_core0.o(.text) referenced from startup_mcxn947_cm33_core0.o(.text)
 <LI><a href="#[7b]">FLEXPWM0_RELOAD_ERROR_IRQHandler</a> from startup_mcxn947_cm33_core0.o(.text) referenced from startup_mcxn947_cm33_core0.o(.isr_vector)
 <LI><a href="#[11c]">FLEXPWM0_SUBMODULE0_DriverIRQHandler</a> from startup_mcxn947_cm33_core0.o(.text) referenced from startup_mcxn947_cm33_core0.o(.text)
 <LI><a href="#[7d]">FLEXPWM0_SUBMODULE0_IRQHandler</a> from startup_mcxn947_cm33_core0.o(.text) referenced from startup_mcxn947_cm33_core0.o(.isr_vector)
 <LI><a href="#[11d]">FLEXPWM0_SUBMODULE1_DriverIRQHandler</a> from startup_mcxn947_cm33_core0.o(.text) referenced from startup_mcxn947_cm33_core0.o(.text)
 <LI><a href="#[7e]">FLEXPWM0_SUBMODULE1_IRQHandler</a> from startup_mcxn947_cm33_core0.o(.text) referenced from startup_mcxn947_cm33_core0.o(.isr_vector)
 <LI><a href="#[11e]">FLEXPWM0_SUBMODULE2_DriverIRQHandler</a> from startup_mcxn947_cm33_core0.o(.text) referenced from startup_mcxn947_cm33_core0.o(.text)
 <LI><a href="#[7f]">FLEXPWM0_SUBMODULE2_IRQHandler</a> from startup_mcxn947_cm33_core0.o(.text) referenced from startup_mcxn947_cm33_core0.o(.isr_vector)
 <LI><a href="#[11f]">FLEXPWM0_SUBMODULE3_DriverIRQHandler</a> from startup_mcxn947_cm33_core0.o(.text) referenced from startup_mcxn947_cm33_core0.o(.text)
 <LI><a href="#[80]">FLEXPWM0_SUBMODULE3_IRQHandler</a> from startup_mcxn947_cm33_core0.o(.text) referenced from startup_mcxn947_cm33_core0.o(.isr_vector)
 <LI><a href="#[121]">FLEXPWM1_FAULT_DriverIRQHandler</a> from startup_mcxn947_cm33_core0.o(.text) referenced from startup_mcxn947_cm33_core0.o(.text)
 <LI><a href="#[82]">FLEXPWM1_FAULT_IRQHandler</a> from startup_mcxn947_cm33_core0.o(.text) referenced from startup_mcxn947_cm33_core0.o(.isr_vector)
 <LI><a href="#[120]">FLEXPWM1_RELOAD_ERROR_DriverIRQHandler</a> from startup_mcxn947_cm33_core0.o(.text) referenced from startup_mcxn947_cm33_core0.o(.text)
 <LI><a href="#[81]">FLEXPWM1_RELOAD_ERROR_IRQHandler</a> from startup_mcxn947_cm33_core0.o(.text) referenced from startup_mcxn947_cm33_core0.o(.isr_vector)
 <LI><a href="#[122]">FLEXPWM1_SUBMODULE0_DriverIRQHandler</a> from startup_mcxn947_cm33_core0.o(.text) referenced from startup_mcxn947_cm33_core0.o(.text)
 <LI><a href="#[83]">FLEXPWM1_SUBMODULE0_IRQHandler</a> from startup_mcxn947_cm33_core0.o(.text) referenced from startup_mcxn947_cm33_core0.o(.isr_vector)
 <LI><a href="#[123]">FLEXPWM1_SUBMODULE1_DriverIRQHandler</a> from startup_mcxn947_cm33_core0.o(.text) referenced from startup_mcxn947_cm33_core0.o(.text)
 <LI><a href="#[84]">FLEXPWM1_SUBMODULE1_IRQHandler</a> from startup_mcxn947_cm33_core0.o(.text) referenced from startup_mcxn947_cm33_core0.o(.isr_vector)
 <LI><a href="#[124]">FLEXPWM1_SUBMODULE2_DriverIRQHandler</a> from startup_mcxn947_cm33_core0.o(.text) referenced from startup_mcxn947_cm33_core0.o(.text)
 <LI><a href="#[85]">FLEXPWM1_SUBMODULE2_IRQHandler</a> from startup_mcxn947_cm33_core0.o(.text) referenced from startup_mcxn947_cm33_core0.o(.isr_vector)
 <LI><a href="#[125]">FLEXPWM1_SUBMODULE3_DriverIRQHandler</a> from startup_mcxn947_cm33_core0.o(.text) referenced from startup_mcxn947_cm33_core0.o(.text)
 <LI><a href="#[86]">FLEXPWM1_SUBMODULE3_IRQHandler</a> from startup_mcxn947_cm33_core0.o(.text) referenced from startup_mcxn947_cm33_core0.o(.isr_vector)
 <LI><a href="#[e4]">FLEXSPI0_DriverIRQHandler</a> from startup_mcxn947_cm33_core0.o(.text) referenced from startup_mcxn947_cm33_core0.o(.text)
 <LI><a href="#[45]">FLEXSPI0_IRQHandler</a> from startup_mcxn947_cm33_core0.o(.text) referenced from startup_mcxn947_cm33_core0.o(.isr_vector)
 <LI><a href="#[134]">FMU0_DriverIRQHandler</a> from startup_mcxn947_cm33_core0.o(.text) referenced from startup_mcxn947_cm33_core0.o(.text)
 <LI><a href="#[95]">FMU0_IRQHandler</a> from startup_mcxn947_cm33_core0.o(.text) referenced from startup_mcxn947_cm33_core0.o(.isr_vector)
 <LI><a href="#[f1]">Freqme_DriverIRQHandler</a> from startup_mcxn947_cm33_core0.o(.text) referenced from startup_mcxn947_cm33_core0.o(.text)
 <LI><a href="#[52]">Freqme_IRQHandler</a> from startup_mcxn947_cm33_core0.o(.text) referenced from startup_mcxn947_cm33_core0.o(.isr_vector)
 <LI><a href="#[10c]">GDET_DriverIRQHandler</a> from startup_mcxn947_cm33_core0.o(.text) referenced from startup_mcxn947_cm33_core0.o(.text)
 <LI><a href="#[6d]">GDET_IRQHandler</a> from startup_mcxn947_cm33_core0.o(.text) referenced from startup_mcxn947_cm33_core0.o(.isr_vector)
 <LI><a href="#[bb]">GPIO00_DriverIRQHandler</a> from startup_mcxn947_cm33_core0.o(.text) referenced from startup_mcxn947_cm33_core0.o(.text)
 <LI><a href="#[1c]">GPIO00_IRQHandler</a> from startup_mcxn947_cm33_core0.o(.text) referenced from startup_mcxn947_cm33_core0.o(.isr_vector)
 <LI><a href="#[bc]">GPIO01_DriverIRQHandler</a> from startup_mcxn947_cm33_core0.o(.text) referenced from startup_mcxn947_cm33_core0.o(.text)
 <LI><a href="#[1d]">GPIO01_IRQHandler</a> from startup_mcxn947_cm33_core0.o(.text) referenced from startup_mcxn947_cm33_core0.o(.isr_vector)
 <LI><a href="#[bd]">GPIO10_DriverIRQHandler</a> from startup_mcxn947_cm33_core0.o(.text) referenced from startup_mcxn947_cm33_core0.o(.text)
 <LI><a href="#[1e]">GPIO10_IRQHandler</a> from startup_mcxn947_cm33_core0.o(.text) referenced from startup_mcxn947_cm33_core0.o(.isr_vector)
 <LI><a href="#[be]">GPIO11_DriverIRQHandler</a> from startup_mcxn947_cm33_core0.o(.text) referenced from startup_mcxn947_cm33_core0.o(.text)
 <LI><a href="#[1f]">GPIO11_IRQHandler</a> from startup_mcxn947_cm33_core0.o(.text) referenced from startup_mcxn947_cm33_core0.o(.isr_vector)
 <LI><a href="#[bf]">GPIO20_DriverIRQHandler</a> from startup_mcxn947_cm33_core0.o(.text) referenced from startup_mcxn947_cm33_core0.o(.text)
 <LI><a href="#[20]">GPIO20_IRQHandler</a> from startup_mcxn947_cm33_core0.o(.text) referenced from startup_mcxn947_cm33_core0.o(.isr_vector)
 <LI><a href="#[c0]">GPIO21_DriverIRQHandler</a> from startup_mcxn947_cm33_core0.o(.text) referenced from startup_mcxn947_cm33_core0.o(.text)
 <LI><a href="#[21]">GPIO21_IRQHandler</a> from startup_mcxn947_cm33_core0.o(.text) referenced from startup_mcxn947_cm33_core0.o(.isr_vector)
 <LI><a href="#[c1]">GPIO30_DriverIRQHandler</a> from startup_mcxn947_cm33_core0.o(.text) referenced from startup_mcxn947_cm33_core0.o(.text)
 <LI><a href="#[22]">GPIO30_IRQHandler</a> from startup_mcxn947_cm33_core0.o(.text) referenced from startup_mcxn947_cm33_core0.o(.isr_vector)
 <LI><a href="#[c2]">GPIO31_DriverIRQHandler</a> from startup_mcxn947_cm33_core0.o(.text) referenced from startup_mcxn947_cm33_core0.o(.text)
 <LI><a href="#[23]">GPIO31_IRQHandler</a> from startup_mcxn947_cm33_core0.o(.text) referenced from startup_mcxn947_cm33_core0.o(.isr_vector)
 <LI><a href="#[c3]">GPIO40_DriverIRQHandler</a> from startup_mcxn947_cm33_core0.o(.text) referenced from startup_mcxn947_cm33_core0.o(.text)
 <LI><a href="#[24]">GPIO40_IRQHandler</a> from startup_mcxn947_cm33_core0.o(.text) referenced from startup_mcxn947_cm33_core0.o(.isr_vector)
 <LI><a href="#[c4]">GPIO41_DriverIRQHandler</a> from startup_mcxn947_cm33_core0.o(.text) referenced from startup_mcxn947_cm33_core0.o(.text)
 <LI><a href="#[25]">GPIO41_IRQHandler</a> from startup_mcxn947_cm33_core0.o(.text) referenced from startup_mcxn947_cm33_core0.o(.isr_vector)
 <LI><a href="#[c5]">GPIO50_DriverIRQHandler</a> from startup_mcxn947_cm33_core0.o(.text) referenced from startup_mcxn947_cm33_core0.o(.text)
 <LI><a href="#[26]">GPIO50_IRQHandler</a> from startup_mcxn947_cm33_core0.o(.text) referenced from startup_mcxn947_cm33_core0.o(.isr_vector)
 <LI><a href="#[c6]">GPIO51_DriverIRQHandler</a> from startup_mcxn947_cm33_core0.o(.text) referenced from startup_mcxn947_cm33_core0.o(.text)
 <LI><a href="#[27]">GPIO51_IRQHandler</a> from startup_mcxn947_cm33_core0.o(.text) referenced from startup_mcxn947_cm33_core0.o(.isr_vector)
 <LI><a href="#[117]">HSCMP0_DriverIRQHandler</a> from startup_mcxn947_cm33_core0.o(.text) referenced from startup_mcxn947_cm33_core0.o(.text)
 <LI><a href="#[78]">HSCMP0_IRQHandler</a> from startup_mcxn947_cm33_core0.o(.text) referenced from startup_mcxn947_cm33_core0.o(.isr_vector)
 <LI><a href="#[118]">HSCMP1_DriverIRQHandler</a> from startup_mcxn947_cm33_core0.o(.text) referenced from startup_mcxn947_cm33_core0.o(.text)
 <LI><a href="#[79]">HSCMP1_IRQHandler</a> from startup_mcxn947_cm33_core0.o(.text) referenced from startup_mcxn947_cm33_core0.o(.isr_vector)
 <LI><a href="#[119]">HSCMP2_DriverIRQHandler</a> from startup_mcxn947_cm33_core0.o(.text) referenced from startup_mcxn947_cm33_core0.o(.text)
 <LI><a href="#[7a]">HSCMP2_IRQHandler</a> from startup_mcxn947_cm33_core0.o(.text) referenced from startup_mcxn947_cm33_core0.o(.isr_vector)
 <LI><a href="#[2]">HardFault_Handler</a> from context_rvds.o(.text) referenced from startup_mcxn947_cm33_core0.o(.isr_vector)
 <LI><a href="#[2]">HardFault_Handler</a> from context_rvds.o(.text) referenced from startup_mcxn947_cm33_core0.o(.text)
 <LI><a href="#[109]">I3C0_DriverIRQHandler</a> from startup_mcxn947_cm33_core0.o(.text) referenced from startup_mcxn947_cm33_core0.o(.text)
 <LI><a href="#[6a]">I3C0_IRQHandler</a> from startup_mcxn947_cm33_core0.o(.text) referenced from startup_mcxn947_cm33_core0.o(.isr_vector)
 <LI><a href="#[10a]">I3C1_DriverIRQHandler</a> from startup_mcxn947_cm33_core0.o(.text) referenced from startup_mcxn947_cm33_core0.o(.text)
 <LI><a href="#[6b]">I3C1_IRQHandler</a> from startup_mcxn947_cm33_core0.o(.text) referenced from startup_mcxn947_cm33_core0.o(.isr_vector)
 <LI><a href="#[12e]">ITRC0_DriverIRQHandler</a> from startup_mcxn947_cm33_core0.o(.text) referenced from startup_mcxn947_cm33_core0.o(.text)
 <LI><a href="#[8f]">ITRC0_IRQHandler</a> from startup_mcxn947_cm33_core0.o(.text) referenced from startup_mcxn947_cm33_core0.o(.isr_vector)
 <LI><a href="#[139]">LPTMR0_DriverIRQHandler</a> from startup_mcxn947_cm33_core0.o(.text) referenced from startup_mcxn947_cm33_core0.o(.text)
 <LI><a href="#[9a]">LPTMR0_IRQHandler</a> from startup_mcxn947_cm33_core0.o(.text) referenced from startup_mcxn947_cm33_core0.o(.isr_vector)
 <LI><a href="#[13a]">LPTMR1_DriverIRQHandler</a> from startup_mcxn947_cm33_core0.o(.text) referenced from startup_mcxn947_cm33_core0.o(.text)
 <LI><a href="#[9b]">LPTMR1_IRQHandler</a> from startup_mcxn947_cm33_core0.o(.text) referenced from startup_mcxn947_cm33_core0.o(.isr_vector)
 <LI><a href="#[cd]">LP_FLEXCOMM0_DriverIRQHandler</a> from fsl_lpflexcomm.o(.text.LP_FLEXCOMM0_DriverIRQHandler) referenced from startup_mcxn947_cm33_core0.o(.text)
 <LI><a href="#[2e]">LP_FLEXCOMM0_IRQHandler</a> from startup_mcxn947_cm33_core0.o(.text) referenced from startup_mcxn947_cm33_core0.o(.isr_vector)
 <LI><a href="#[ce]">LP_FLEXCOMM1_DriverIRQHandler</a> from fsl_lpflexcomm.o(.text.LP_FLEXCOMM1_DriverIRQHandler) referenced from startup_mcxn947_cm33_core0.o(.text)
 <LI><a href="#[2f]">LP_FLEXCOMM1_IRQHandler</a> from startup_mcxn947_cm33_core0.o(.text) referenced from startup_mcxn947_cm33_core0.o(.isr_vector)
 <LI><a href="#[cf]">LP_FLEXCOMM2_DriverIRQHandler</a> from fsl_lpflexcomm.o(.text.LP_FLEXCOMM2_DriverIRQHandler) referenced from startup_mcxn947_cm33_core0.o(.text)
 <LI><a href="#[30]">LP_FLEXCOMM2_IRQHandler</a> from startup_mcxn947_cm33_core0.o(.text) referenced from startup_mcxn947_cm33_core0.o(.isr_vector)
 <LI><a href="#[d0]">LP_FLEXCOMM3_DriverIRQHandler</a> from fsl_lpflexcomm.o(.text.LP_FLEXCOMM3_DriverIRQHandler) referenced from startup_mcxn947_cm33_core0.o(.text)
 <LI><a href="#[31]">LP_FLEXCOMM3_IRQHandler</a> from startup_mcxn947_cm33_core0.o(.text) referenced from startup_mcxn947_cm33_core0.o(.isr_vector)
 <LI><a href="#[d1]">LP_FLEXCOMM4_DriverIRQHandler</a> from fsl_lpflexcomm.o(.text.LP_FLEXCOMM4_DriverIRQHandler) referenced from startup_mcxn947_cm33_core0.o(.text)
 <LI><a href="#[32]">LP_FLEXCOMM4_IRQHandler</a> from startup_mcxn947_cm33_core0.o(.text) referenced from startup_mcxn947_cm33_core0.o(.isr_vector)
 <LI><a href="#[d2]">LP_FLEXCOMM5_DriverIRQHandler</a> from fsl_lpflexcomm.o(.text.LP_FLEXCOMM5_DriverIRQHandler) referenced from startup_mcxn947_cm33_core0.o(.text)
 <LI><a href="#[33]">LP_FLEXCOMM5_IRQHandler</a> from startup_mcxn947_cm33_core0.o(.text) referenced from startup_mcxn947_cm33_core0.o(.isr_vector)
 <LI><a href="#[d3]">LP_FLEXCOMM6_DriverIRQHandler</a> from fsl_lpflexcomm.o(.text.LP_FLEXCOMM6_DriverIRQHandler) referenced from startup_mcxn947_cm33_core0.o(.text)
 <LI><a href="#[34]">LP_FLEXCOMM6_IRQHandler</a> from startup_mcxn947_cm33_core0.o(.text) referenced from startup_mcxn947_cm33_core0.o(.isr_vector)
 <LI><a href="#[d4]">LP_FLEXCOMM7_DriverIRQHandler</a> from fsl_lpflexcomm.o(.text.LP_FLEXCOMM7_DriverIRQHandler) referenced from startup_mcxn947_cm33_core0.o(.text)
 <LI><a href="#[35]">LP_FLEXCOMM7_IRQHandler</a> from startup_mcxn947_cm33_core0.o(.text) referenced from startup_mcxn947_cm33_core0.o(.isr_vector)
 <LI><a href="#[d5]">LP_FLEXCOMM8_DriverIRQHandler</a> from fsl_lpflexcomm.o(.text.LP_FLEXCOMM8_DriverIRQHandler) referenced from startup_mcxn947_cm33_core0.o(.text)
 <LI><a href="#[36]">LP_FLEXCOMM8_IRQHandler</a> from startup_mcxn947_cm33_core0.o(.text) referenced from startup_mcxn947_cm33_core0.o(.isr_vector)
 <LI><a href="#[d6]">LP_FLEXCOMM9_DriverIRQHandler</a> from fsl_lpflexcomm.o(.text.LP_FLEXCOMM9_DriverIRQHandler) referenced from startup_mcxn947_cm33_core0.o(.text)
 <LI><a href="#[37]">LP_FLEXCOMM9_IRQHandler</a> from startup_mcxn947_cm33_core0.o(.text) referenced from startup_mcxn947_cm33_core0.o(.isr_vector)
 <LI><a href="#[e0]">MAILBOX_DriverIRQHandler</a> from startup_mcxn947_cm33_core0.o(.text) referenced from startup_mcxn947_cm33_core0.o(.text)
 <LI><a href="#[41]">MAILBOX_IRQHandler</a> from startup_mcxn947_cm33_core0.o(.text) referenced from startup_mcxn947_cm33_core0.o(.isr_vector)
 <LI><a href="#[c8]">MRT0_DriverIRQHandler</a> from startup_mcxn947_cm33_core0.o(.text) referenced from startup_mcxn947_cm33_core0.o(.text)
 <LI><a href="#[29]">MRT0_IRQHandler</a> from startup_mcxn947_cm33_core0.o(.text) referenced from startup_mcxn947_cm33_core0.o(.isr_vector)
 <LI><a href="#[3]">MemManage_Handler</a> from startup_mcxn947_cm33_core0.o(.text) referenced from startup_mcxn947_cm33_core0.o(.isr_vector)
 <LI><a href="#[1]">NMI_Handler</a> from startup_mcxn947_cm33_core0.o(.text) referenced from startup_mcxn947_cm33_core0.o(.isr_vector)
 <LI><a href="#[1]">NMI_Handler</a> from startup_mcxn947_cm33_core0.o(.text) referenced from startup_mcxn947_cm33_core0.o(.text)
 <LI><a href="#[10b]">NPU_DriverIRQHandler</a> from startup_mcxn947_cm33_core0.o(.text) referenced from startup_mcxn947_cm33_core0.o(.text)
 <LI><a href="#[6c]">NPU_IRQHandler</a> from startup_mcxn947_cm33_core0.o(.text) referenced from startup_mcxn947_cm33_core0.o(.isr_vector)
 <LI><a href="#[aa]">OR_DriverIRQHandler</a> from startup_mcxn947_cm33_core0.o(.text) referenced from startup_mcxn947_cm33_core0.o(.text)
 <LI><a href="#[b]">OR_IRQHandler</a> from startup_mcxn947_cm33_core0.o(.text) referenced from startup_mcxn947_cm33_core0.o(.isr_vector)
 <LI><a href="#[e3]">OS_EVENT_DriverIRQHandler</a> from startup_mcxn947_cm33_core0.o(.text) referenced from startup_mcxn947_cm33_core0.o(.text)
 <LI><a href="#[44]">OS_EVENT_IRQHandler</a> from startup_mcxn947_cm33_core0.o(.text) referenced from startup_mcxn947_cm33_core0.o(.isr_vector)
 <LI><a href="#[da]">PDM_EVENT_DriverIRQHandler</a> from startup_mcxn947_cm33_core0.o(.text) referenced from startup_mcxn947_cm33_core0.o(.text)
 <LI><a href="#[3b]">PDM_EVENT_IRQHandler</a> from startup_mcxn947_cm33_core0.o(.text) referenced from startup_mcxn947_cm33_core0.o(.isr_vector)
 <LI><a href="#[d9]">PINT0_DriverIRQHandler</a> from startup_mcxn947_cm33_core0.o(.text) referenced from startup_mcxn947_cm33_core0.o(.text)
 <LI><a href="#[3a]">PINT0_IRQHandler</a> from startup_mcxn947_cm33_core0.o(.text) referenced from startup_mcxn947_cm33_core0.o(.isr_vector)
 <LI><a href="#[f4]">PKC_DriverIRQHandler</a> from startup_mcxn947_cm33_core0.o(.text) referenced from startup_mcxn947_cm33_core0.o(.text)
 <LI><a href="#[131]">PKC_ERR_DriverIRQHandler</a> from startup_mcxn947_cm33_core0.o(.text) referenced from startup_mcxn947_cm33_core0.o(.text)
 <LI><a href="#[92]">PKC_ERR_IRQHandler</a> from startup_mcxn947_cm33_core0.o(.text) referenced from startup_mcxn947_cm33_core0.o(.isr_vector)
 <LI><a href="#[55]">PKC_IRQHandler</a> from startup_mcxn947_cm33_core0.o(.text) referenced from startup_mcxn947_cm33_core0.o(.isr_vector)
 <LI><a href="#[f0]">PLU_DriverIRQHandler</a> from startup_mcxn947_cm33_core0.o(.text) referenced from startup_mcxn947_cm33_core0.o(.text)
 <LI><a href="#[51]">PLU_IRQHandler</a> from startup_mcxn947_cm33_core0.o(.text) referenced from startup_mcxn947_cm33_core0.o(.isr_vector)
 <LI><a href="#[13e]">PORT_EFT_DriverIRQHandler</a> from startup_mcxn947_cm33_core0.o(.text) referenced from startup_mcxn947_cm33_core0.o(.text)
 <LI><a href="#[9f]">PORT_EFT_IRQHandler</a> from startup_mcxn947_cm33_core0.o(.text) referenced from startup_mcxn947_cm33_core0.o(.isr_vector)
 <LI><a href="#[f6]">PQ_DriverIRQHandler</a> from startup_mcxn947_cm33_core0.o(.text) referenced from startup_mcxn947_cm33_core0.o(.text)
 <LI><a href="#[57]">PQ_IRQHandler</a> from startup_mcxn947_cm33_core0.o(.text) referenced from startup_mcxn947_cm33_core0.o(.isr_vector)
 <LI><a href="#[f5]">PUF_DriverIRQHandler</a> from startup_mcxn947_cm33_core0.o(.text) referenced from startup_mcxn947_cm33_core0.o(.text)
 <LI><a href="#[56]">PUF_IRQHandler</a> from startup_mcxn947_cm33_core0.o(.text) referenced from startup_mcxn947_cm33_core0.o(.isr_vector)
 <LI><a href="#[9]">PendSV_Handler</a> from context_rvds.o(.text) referenced from startup_mcxn947_cm33_core0.o(.isr_vector)
 <LI><a href="#[9]">PendSV_Handler</a> from context_rvds.o(.text) referenced from startup_mcxn947_cm33_core0.o(.text)
 <LI><a href="#[126]">QDC0_COMPARE_DriverIRQHandler</a> from startup_mcxn947_cm33_core0.o(.text) referenced from startup_mcxn947_cm33_core0.o(.text)
 <LI><a href="#[87]">QDC0_COMPARE_IRQHandler</a> from startup_mcxn947_cm33_core0.o(.text) referenced from startup_mcxn947_cm33_core0.o(.isr_vector)
 <LI><a href="#[127]">QDC0_HOME_DriverIRQHandler</a> from startup_mcxn947_cm33_core0.o(.text) referenced from startup_mcxn947_cm33_core0.o(.text)
 <LI><a href="#[88]">QDC0_HOME_IRQHandler</a> from startup_mcxn947_cm33_core0.o(.text) referenced from startup_mcxn947_cm33_core0.o(.isr_vector)
 <LI><a href="#[129]">QDC0_IDX_DriverIRQHandler</a> from startup_mcxn947_cm33_core0.o(.text) referenced from startup_mcxn947_cm33_core0.o(.text)
 <LI><a href="#[8a]">QDC0_IDX_IRQHandler</a> from startup_mcxn947_cm33_core0.o(.text) referenced from startup_mcxn947_cm33_core0.o(.isr_vector)
 <LI><a href="#[128]">QDC0_WDG_SAB_DriverIRQHandler</a> from startup_mcxn947_cm33_core0.o(.text) referenced from startup_mcxn947_cm33_core0.o(.text)
 <LI><a href="#[89]">QDC0_WDG_SAB_IRQHandler</a> from startup_mcxn947_cm33_core0.o(.text) referenced from startup_mcxn947_cm33_core0.o(.isr_vector)
 <LI><a href="#[12a]">QDC1_COMPARE_DriverIRQHandler</a> from startup_mcxn947_cm33_core0.o(.text) referenced from startup_mcxn947_cm33_core0.o(.text)
 <LI><a href="#[8b]">QDC1_COMPARE_IRQHandler</a> from startup_mcxn947_cm33_core0.o(.text) referenced from startup_mcxn947_cm33_core0.o(.isr_vector)
 <LI><a href="#[12b]">QDC1_HOME_DriverIRQHandler</a> from startup_mcxn947_cm33_core0.o(.text) referenced from startup_mcxn947_cm33_core0.o(.text)
 <LI><a href="#[8c]">QDC1_HOME_IRQHandler</a> from startup_mcxn947_cm33_core0.o(.text) referenced from startup_mcxn947_cm33_core0.o(.isr_vector)
 <LI><a href="#[12d]">QDC1_IDX_DriverIRQHandler</a> from startup_mcxn947_cm33_core0.o(.text) referenced from startup_mcxn947_cm33_core0.o(.text)
 <LI><a href="#[8e]">QDC1_IDX_IRQHandler</a> from startup_mcxn947_cm33_core0.o(.text) referenced from startup_mcxn947_cm33_core0.o(.isr_vector)
 <LI><a href="#[12c]">QDC1_WDG_SAB_DriverIRQHandler</a> from startup_mcxn947_cm33_core0.o(.text) referenced from startup_mcxn947_cm33_core0.o(.text)
 <LI><a href="#[8d]">QDC1_WDG_SAB_IRQHandler</a> from startup_mcxn947_cm33_core0.o(.text) referenced from startup_mcxn947_cm33_core0.o(.isr_vector)
 <LI><a href="#[de]">RTC_DriverIRQHandler</a> from startup_mcxn947_cm33_core0.o(.text) referenced from startup_mcxn947_cm33_core0.o(.text)
 <LI><a href="#[3f]">RTC_IRQHandler</a> from startup_mcxn947_cm33_core0.o(.text) referenced from startup_mcxn947_cm33_core0.o(.isr_vector)
 <LI><a href="#[140]">Reserved166_DriverIRQHandler</a> from startup_mcxn947_cm33_core0.o(.text) referenced from startup_mcxn947_cm33_core0.o(.text)
 <LI><a href="#[a1]">Reserved166_IRQHandler</a> from startup_mcxn947_cm33_core0.o(.text) referenced from startup_mcxn947_cm33_core0.o(.isr_vector)
 <LI><a href="#[141]">Reserved167_DriverIRQHandler</a> from startup_mcxn947_cm33_core0.o(.text) referenced from startup_mcxn947_cm33_core0.o(.text)
 <LI><a href="#[a2]">Reserved167_IRQHandler</a> from startup_mcxn947_cm33_core0.o(.text) referenced from startup_mcxn947_cm33_core0.o(.isr_vector)
 <LI><a href="#[db]">Reserved65_DriverIRQHandler</a> from startup_mcxn947_cm33_core0.o(.text) referenced from startup_mcxn947_cm33_core0.o(.text)
 <LI><a href="#[3c]">Reserved65_IRQHandler</a> from startup_mcxn947_cm33_core0.o(.text) referenced from startup_mcxn947_cm33_core0.o(.isr_vector)
 <LI><a href="#[ea]">Reserved80_DriverIRQHandler</a> from startup_mcxn947_cm33_core0.o(.text) referenced from startup_mcxn947_cm33_core0.o(.text)
 <LI><a href="#[4b]">Reserved80_IRQHandler</a> from startup_mcxn947_cm33_core0.o(.text) referenced from startup_mcxn947_cm33_core0.o(.isr_vector)
 <LI><a href="#[eb]">Reserved81_DriverIRQHandler</a> from startup_mcxn947_cm33_core0.o(.text) referenced from startup_mcxn947_cm33_core0.o(.text)
 <LI><a href="#[4c]">Reserved81_IRQHandler</a> from startup_mcxn947_cm33_core0.o(.text) referenced from startup_mcxn947_cm33_core0.o(.isr_vector)
 <LI><a href="#[ef]">Reserved85_DriverIRQHandler</a> from startup_mcxn947_cm33_core0.o(.text) referenced from startup_mcxn947_cm33_core0.o(.text)
 <LI><a href="#[50]">Reserved85_IRQHandler</a> from startup_mcxn947_cm33_core0.o(.text) referenced from startup_mcxn947_cm33_core0.o(.isr_vector)
 <LI><a href="#[0]">Reset_Handler</a> from startup_mcxn947_cm33_core0.o(.text) referenced from startup_mcxn947_cm33_core0.o(.isr_vector)
 <LI><a href="#[e5]">SAI0_DriverIRQHandler</a> from startup_mcxn947_cm33_core0.o(.text) referenced from startup_mcxn947_cm33_core0.o(.text)
 <LI><a href="#[46]">SAI0_IRQHandler</a> from startup_mcxn947_cm33_core0.o(.text) referenced from startup_mcxn947_cm33_core0.o(.isr_vector)
 <LI><a href="#[e6]">SAI1_DriverIRQHandler</a> from startup_mcxn947_cm33_core0.o(.text) referenced from startup_mcxn947_cm33_core0.o(.text)
 <LI><a href="#[47]">SAI1_IRQHandler</a> from startup_mcxn947_cm33_core0.o(.text) referenced from startup_mcxn947_cm33_core0.o(.isr_vector)
 <LI><a href="#[13b]">SCG_DriverIRQHandler</a> from startup_mcxn947_cm33_core0.o(.text) referenced from startup_mcxn947_cm33_core0.o(.text)
 <LI><a href="#[9c]">SCG_IRQHandler</a> from startup_mcxn947_cm33_core0.o(.text) referenced from startup_mcxn947_cm33_core0.o(.isr_vector)
 <LI><a href="#[cb]">SCT0_DriverIRQHandler</a> from startup_mcxn947_cm33_core0.o(.text) referenced from startup_mcxn947_cm33_core0.o(.text)
 <LI><a href="#[2c]">SCT0_IRQHandler</a> from startup_mcxn947_cm33_core0.o(.text) referenced from startup_mcxn947_cm33_core0.o(.isr_vector)
 <LI><a href="#[ee]">SEC_HYPERVISOR_CALL_DriverIRQHandler</a> from startup_mcxn947_cm33_core0.o(.text) referenced from startup_mcxn947_cm33_core0.o(.text)
 <LI><a href="#[4f]">SEC_HYPERVISOR_CALL_IRQHandler</a> from startup_mcxn947_cm33_core0.o(.text) referenced from startup_mcxn947_cm33_core0.o(.isr_vector)
 <LI><a href="#[f2]">SEC_VIO_DriverIRQHandler</a> from startup_mcxn947_cm33_core0.o(.text) referenced from startup_mcxn947_cm33_core0.o(.text)
 <LI><a href="#[53]">SEC_VIO_IRQHandler</a> from startup_mcxn947_cm33_core0.o(.text) referenced from startup_mcxn947_cm33_core0.o(.isr_vector)
 <LI><a href="#[138]">SINC_FILTER_DriverIRQHandler</a> from startup_mcxn947_cm33_core0.o(.text) referenced from startup_mcxn947_cm33_core0.o(.text)
 <LI><a href="#[99]">SINC_FILTER_IRQHandler</a> from startup_mcxn947_cm33_core0.o(.text) referenced from startup_mcxn947_cm33_core0.o(.isr_vector)
 <LI><a href="#[df]">SMARTDMA_DriverIRQHandler</a> from startup_mcxn947_cm33_core0.o(.text) referenced from startup_mcxn947_cm33_core0.o(.text)
 <LI><a href="#[40]">SMARTDMA_IRQHandler</a> from startup_mcxn947_cm33_core0.o(.text) referenced from startup_mcxn947_cm33_core0.o(.isr_vector)
 <LI><a href="#[13c]">SPC_DriverIRQHandler</a> from startup_mcxn947_cm33_core0.o(.text) referenced from startup_mcxn947_cm33_core0.o(.text)
 <LI><a href="#[9d]">SPC_IRQHandler</a> from startup_mcxn947_cm33_core0.o(.text) referenced from startup_mcxn947_cm33_core0.o(.isr_vector)
 <LI><a href="#[7]">SVC_Handler</a> from syscall_rvds.o(.text) referenced from startup_mcxn947_cm33_core0.o(.isr_vector)
 <LI><a href="#[7]">SVC_Handler</a> from syscall_rvds.o(.text) referenced from startup_mcxn947_cm33_core0.o(.text)
 <LI><a href="#[6]">SecureFault_Handler</a> from startup_mcxn947_cm33_core0.o(.text) referenced from startup_mcxn947_cm33_core0.o(.isr_vector)
 <LI><a href="#[a]">SysTick_Handler</a> from rt_board.o(.text.SysTick_Handler) referenced from startup_mcxn947_cm33_core0.o(.isr_vector)
 <LI><a href="#[a]">SysTick_Handler</a> from rt_board.o(.text.SysTick_Handler) referenced from startup_mcxn947_cm33_core0.o(.text)
 <LI><a href="#[a8]">SystemInit</a> from system_mcxn947_cm33_core0.o(.text.SystemInit) referenced from startup_mcxn947_cm33_core0.o(.text)
 <LI><a href="#[10f]">TSI_END_OF_SCAN_DriverIRQHandler</a> from startup_mcxn947_cm33_core0.o(.text) referenced from startup_mcxn947_cm33_core0.o(.text)
 <LI><a href="#[70]">TSI_END_OF_SCAN_IRQHandler</a> from startup_mcxn947_cm33_core0.o(.text) referenced from startup_mcxn947_cm33_core0.o(.isr_vector)
 <LI><a href="#[110]">TSI_OUT_OF_SCAN_DriverIRQHandler</a> from startup_mcxn947_cm33_core0.o(.text) referenced from startup_mcxn947_cm33_core0.o(.text)
 <LI><a href="#[71]">TSI_OUT_OF_SCAN_IRQHandler</a> from startup_mcxn947_cm33_core0.o(.text) referenced from startup_mcxn947_cm33_core0.o(.isr_vector)
 <LI><a href="#[dd]">USB0_DCD_DriverIRQHandler</a> from startup_mcxn947_cm33_core0.o(.text) referenced from startup_mcxn947_cm33_core0.o(.text)
 <LI><a href="#[3e]">USB0_DCD_IRQHandler</a> from startup_mcxn947_cm33_core0.o(.text) referenced from startup_mcxn947_cm33_core0.o(.isr_vector)
 <LI><a href="#[dc]">USB0_FS_DriverIRQHandler</a> from startup_mcxn947_cm33_core0.o(.text) referenced from startup_mcxn947_cm33_core0.o(.text)
 <LI><a href="#[3d]">USB0_FS_IRQHandler</a> from startup_mcxn947_cm33_core0.o(.text) referenced from startup_mcxn947_cm33_core0.o(.isr_vector)
 <LI><a href="#[ed]">USB1_HS_DriverIRQHandler</a> from startup_mcxn947_cm33_core0.o(.text) referenced from startup_mcxn947_cm33_core0.o(.text)
 <LI><a href="#[4e]">USB1_HS_IRQHandler</a> from virtual_com.o(.text.USB1_HS_IRQHandler) referenced from startup_mcxn947_cm33_core0.o(.isr_vector)
 <LI><a href="#[ec]">USB1_HS_PHY_DriverIRQHandler</a> from startup_mcxn947_cm33_core0.o(.text) referenced from startup_mcxn947_cm33_core0.o(.text)
 <LI><a href="#[4d]">USB1_HS_PHY_IRQHandler</a> from startup_mcxn947_cm33_core0.o(.text) referenced from startup_mcxn947_cm33_core0.o(.isr_vector)
 <LI><a href="#[e7]">USDHC0_DriverIRQHandler</a> from startup_mcxn947_cm33_core0.o(.text) referenced from startup_mcxn947_cm33_core0.o(.text)
 <LI><a href="#[48]">USDHC0_IRQHandler</a> from startup_mcxn947_cm33_core0.o(.text) referenced from startup_mcxn947_cm33_core0.o(.isr_vector)
 <LI><a href="#[c7]">UTICK0_DriverIRQHandler</a> from startup_mcxn947_cm33_core0.o(.text) referenced from startup_mcxn947_cm33_core0.o(.text)
 <LI><a href="#[28]">UTICK0_IRQHandler</a> from startup_mcxn947_cm33_core0.o(.text) referenced from startup_mcxn947_cm33_core0.o(.isr_vector)
 <LI><a href="#[5]">UsageFault_Handler</a> from startup_mcxn947_cm33_core0.o(.text) referenced from startup_mcxn947_cm33_core0.o(.isr_vector)
 <LI><a href="#[10d]">VBAT0_DriverIRQHandler</a> from startup_mcxn947_cm33_core0.o(.text) referenced from startup_mcxn947_cm33_core0.o(.text)
 <LI><a href="#[6e]">VBAT0_IRQHandler</a> from startup_mcxn947_cm33_core0.o(.text) referenced from startup_mcxn947_cm33_core0.o(.isr_vector)
 <LI><a href="#[13d]">WUU_DriverIRQHandler</a> from startup_mcxn947_cm33_core0.o(.text) referenced from startup_mcxn947_cm33_core0.o(.text)
 <LI><a href="#[9e]">WUU_IRQHandler</a> from startup_mcxn947_cm33_core0.o(.text) referenced from startup_mcxn947_cm33_core0.o(.isr_vector)
 <LI><a href="#[142]">WWDT0_DriverIRQHandler</a> from startup_mcxn947_cm33_core0.o(.text) referenced from startup_mcxn947_cm33_core0.o(.text)
 <LI><a href="#[a3]">WWDT0_IRQHandler</a> from startup_mcxn947_cm33_core0.o(.text) referenced from startup_mcxn947_cm33_core0.o(.isr_vector)
 <LI><a href="#[143]">WWDT1_DriverIRQHandler</a> from startup_mcxn947_cm33_core0.o(.text) referenced from startup_mcxn947_cm33_core0.o(.text)
 <LI><a href="#[a4]">WWDT1_IRQHandler</a> from startup_mcxn947_cm33_core0.o(.text) referenced from startup_mcxn947_cm33_core0.o(.isr_vector)
 <LI><a href="#[a9]">__main</a> from entry.o(.ARM.Collect$$$$00000000) referenced from startup_mcxn947_cm33_core0.o(.text)
 <LI><a href="#[a7]">main</a> from components.o(.text.$Sub$$main) referenced from entry9a.o(.ARM.Collect$$$$0000000B)
 <LI><a href="#[146]">main_thread_entry</a> from components.o(.text.main_thread_entry) referenced 2 times from components.o(.text.$Sub$$main)
 <LI><a href="#[149]">rt_thread_exit</a> from thread.o(.text.rt_thread_exit) referenced 2 times from thread.o(.text.rt_thread_init)
 <LI><a href="#[148]">rt_thread_idle_entry</a> from idle.o(.text.rt_thread_idle_entry) referenced 2 times from idle.o(.text.rt_thread_idle_init)
 <LI><a href="#[14a]">rt_thread_timeout</a> from thread.o(.text.rt_thread_timeout) referenced 2 times from thread.o(.text.rt_thread_init)
 <LI><a href="#[14d]">rti_board_end</a> from components.o(.text.rti_board_end) referenced from components.o(.rti_fn.1.end)
 <LI><a href="#[14c]">rti_board_start</a> from components.o(.text.rti_board_start) referenced from components.o(.rti_fn.0.end)
 <LI><a href="#[14e]">rti_end</a> from components.o(.text.rti_end) referenced from components.o(.rti_fn.6.end)
 <LI><a href="#[14b]">rti_start</a> from components.o(.text.rti_start) referenced from components.o(.rti_fn.0)
</UL>
<P>
<H3>
Global Symbols
</H3>
<P><STRONG><a name="[a9]"></a>__main</STRONG> (Thumb, 0 bytes, Stack size unknown bytes, entry.o(.ARM.Collect$$$$00000000))
<BR>[Address Reference Count : 1]<UL><LI> startup_mcxn947_cm33_core0.o(.text)
</UL>
<P><STRONG><a name="[1ac]"></a>_main_stk</STRONG> (Thumb, 0 bytes, Stack size unknown bytes, entry4.o(.ARM.Collect$$$$00000003))

<P><STRONG><a name="[150]"></a>_main_scatterload</STRONG> (Thumb, 0 bytes, Stack size unknown bytes, entry5.o(.ARM.Collect$$$$00000004))
<BR><BR>[Calls]<UL><LI><a href="#[151]">&gt;&gt;</a>&nbsp;&nbsp;&nbsp;__scatterload
</UL>

<P><STRONG><a name="[15b]"></a>__main_after_scatterload</STRONG> (Thumb, 0 bytes, Stack size unknown bytes, entry5.o(.ARM.Collect$$$$00000004))
<BR><BR>[Called By]<UL><LI><a href="#[151]">&gt;&gt;</a>&nbsp;&nbsp;&nbsp;__scatterload
</UL>

<P><STRONG><a name="[1ad]"></a>_main_clock</STRONG> (Thumb, 0 bytes, Stack size unknown bytes, entry7b.o(.ARM.Collect$$$$00000008))

<P><STRONG><a name="[1ae]"></a>_main_cpp_init</STRONG> (Thumb, 0 bytes, Stack size unknown bytes, entry8b.o(.ARM.Collect$$$$0000000A))

<P><STRONG><a name="[1af]"></a>_main_init</STRONG> (Thumb, 0 bytes, Stack size unknown bytes, entry9a.o(.ARM.Collect$$$$0000000B))

<P><STRONG><a name="[1b0]"></a>__rt_final_cpp</STRONG> (Thumb, 0 bytes, Stack size unknown bytes, entry10a.o(.ARM.Collect$$$$0000000D))

<P><STRONG><a name="[1b1]"></a>__rt_final_exit</STRONG> (Thumb, 0 bytes, Stack size unknown bytes, entry11a.o(.ARM.Collect$$$$0000000F))

<P><STRONG><a name="[0]"></a>Reset_Handler</STRONG> (Thumb, 52 bytes, Stack size unknown bytes, startup_mcxn947_cm33_core0.o(.text))
<BR>[Address Reference Count : 1]<UL><LI> startup_mcxn947_cm33_core0.o(.isr_vector)
</UL>
<P><STRONG><a name="[d7]"></a>ADC0_DriverIRQHandler</STRONG> (Thumb, 4 bytes, Stack size unknown bytes, startup_mcxn947_cm33_core0.o(.text))
<BR><BR>[Calls]<UL><LI><a href="#[14f]">&gt;&gt;</a>&nbsp;&nbsp;&nbsp;DefaultISR
</UL>
<BR>[Address Reference Count : 1]<UL><LI> startup_mcxn947_cm33_core0.o(.text)
</UL>
<P><STRONG><a name="[d8]"></a>ADC1_DriverIRQHandler</STRONG> (Thumb, 4 bytes, Stack size unknown bytes, startup_mcxn947_cm33_core0.o(.text))
<BR>[Address Reference Count : 1]<UL><LI> startup_mcxn947_cm33_core0.o(.text)
</UL>
<P><STRONG><a name="[12f]"></a>BSP32_DriverIRQHandler</STRONG> (Thumb, 4 bytes, Stack size unknown bytes, startup_mcxn947_cm33_core0.o(.text))
<BR>[Address Reference Count : 1]<UL><LI> startup_mcxn947_cm33_core0.o(.text)
</UL>
<P><STRONG><a name="[4]"></a>BusFault_Handler</STRONG> (Thumb, 4 bytes, Stack size unknown bytes, startup_mcxn947_cm33_core0.o(.text))
<BR>[Address Reference Count : 1]<UL><LI> startup_mcxn947_cm33_core0.o(.isr_vector)
</UL>
<P><STRONG><a name="[e8]"></a>CAN0_DriverIRQHandler</STRONG> (Thumb, 4 bytes, Stack size unknown bytes, startup_mcxn947_cm33_core0.o(.text))
<BR>[Address Reference Count : 1]<UL><LI> startup_mcxn947_cm33_core0.o(.text)
</UL>
<P><STRONG><a name="[e9]"></a>CAN1_DriverIRQHandler</STRONG> (Thumb, 4 bytes, Stack size unknown bytes, startup_mcxn947_cm33_core0.o(.text))
<BR>[Address Reference Count : 1]<UL><LI> startup_mcxn947_cm33_core0.o(.text)
</UL>
<P><STRONG><a name="[107]"></a>CDOG0_DriverIRQHandler</STRONG> (Thumb, 4 bytes, Stack size unknown bytes, startup_mcxn947_cm33_core0.o(.text))
<BR>[Address Reference Count : 1]<UL><LI> startup_mcxn947_cm33_core0.o(.text)
</UL>
<P><STRONG><a name="[108]"></a>CDOG1_DriverIRQHandler</STRONG> (Thumb, 4 bytes, Stack size unknown bytes, startup_mcxn947_cm33_core0.o(.text))
<BR>[Address Reference Count : 1]<UL><LI> startup_mcxn947_cm33_core0.o(.text)
</UL>
<P><STRONG><a name="[144]"></a>CMC0_DriverIRQHandler</STRONG> (Thumb, 4 bytes, Stack size unknown bytes, startup_mcxn947_cm33_core0.o(.text))
<BR>[Address Reference Count : 1]<UL><LI> startup_mcxn947_cm33_core0.o(.text)
</UL>
<P><STRONG><a name="[145]"></a>CTI0_DriverIRQHandler</STRONG> (Thumb, 4 bytes, Stack size unknown bytes, startup_mcxn947_cm33_core0.o(.text))
<BR>[Address Reference Count : 1]<UL><LI> startup_mcxn947_cm33_core0.o(.text)
</UL>
<P><STRONG><a name="[c9]"></a>CTIMER0_DriverIRQHandler</STRONG> (Thumb, 4 bytes, Stack size unknown bytes, startup_mcxn947_cm33_core0.o(.text))
<BR>[Address Reference Count : 1]<UL><LI> startup_mcxn947_cm33_core0.o(.text)
</UL>
<P><STRONG><a name="[ca]"></a>CTIMER1_DriverIRQHandler</STRONG> (Thumb, 4 bytes, Stack size unknown bytes, startup_mcxn947_cm33_core0.o(.text))
<BR>[Address Reference Count : 1]<UL><LI> startup_mcxn947_cm33_core0.o(.text)
</UL>
<P><STRONG><a name="[cc]"></a>CTIMER2_DriverIRQHandler</STRONG> (Thumb, 4 bytes, Stack size unknown bytes, startup_mcxn947_cm33_core0.o(.text))
<BR>[Address Reference Count : 1]<UL><LI> startup_mcxn947_cm33_core0.o(.text)
</UL>
<P><STRONG><a name="[e1]"></a>CTIMER3_DriverIRQHandler</STRONG> (Thumb, 4 bytes, Stack size unknown bytes, startup_mcxn947_cm33_core0.o(.text))
<BR>[Address Reference Count : 1]<UL><LI> startup_mcxn947_cm33_core0.o(.text)
</UL>
<P><STRONG><a name="[e2]"></a>CTIMER4_DriverIRQHandler</STRONG> (Thumb, 4 bytes, Stack size unknown bytes, startup_mcxn947_cm33_core0.o(.text))
<BR>[Address Reference Count : 1]<UL><LI> startup_mcxn947_cm33_core0.o(.text)
</UL>
<P><STRONG><a name="[114]"></a>DAC0_DriverIRQHandler</STRONG> (Thumb, 4 bytes, Stack size unknown bytes, startup_mcxn947_cm33_core0.o(.text))
<BR>[Address Reference Count : 1]<UL><LI> startup_mcxn947_cm33_core0.o(.text)
</UL>
<P><STRONG><a name="[115]"></a>DAC1_DriverIRQHandler</STRONG> (Thumb, 4 bytes, Stack size unknown bytes, startup_mcxn947_cm33_core0.o(.text))
<BR>[Address Reference Count : 1]<UL><LI> startup_mcxn947_cm33_core0.o(.text)
</UL>
<P><STRONG><a name="[116]"></a>DAC2_DriverIRQHandler</STRONG> (Thumb, 4 bytes, Stack size unknown bytes, startup_mcxn947_cm33_core0.o(.text))
<BR>[Address Reference Count : 1]<UL><LI> startup_mcxn947_cm33_core0.o(.text)
</UL>
<P><STRONG><a name="[8]"></a>DebugMon_Handler</STRONG> (Thumb, 4 bytes, Stack size unknown bytes, startup_mcxn947_cm33_core0.o(.text))
<BR>[Address Reference Count : 1]<UL><LI> startup_mcxn947_cm33_core0.o(.isr_vector)
</UL>
<P><STRONG><a name="[14f]"></a>DefaultISR</STRONG> (Thumb, 4 bytes, Stack size unknown bytes, startup_mcxn947_cm33_core0.o(.text))
<BR><BR>[Called By]<UL><LI><a href="#[d7]">&gt;&gt;</a>&nbsp;&nbsp;&nbsp;ADC0_DriverIRQHandler
</UL>

<P><STRONG><a name="[ab]"></a>EDMA_0_CH0_DriverIRQHandler</STRONG> (Thumb, 4 bytes, Stack size unknown bytes, startup_mcxn947_cm33_core0.o(.text))
<BR>[Address Reference Count : 1]<UL><LI> startup_mcxn947_cm33_core0.o(.text)
</UL>
<P><STRONG><a name="[b5]"></a>EDMA_0_CH10_DriverIRQHandler</STRONG> (Thumb, 4 bytes, Stack size unknown bytes, startup_mcxn947_cm33_core0.o(.text))
<BR>[Address Reference Count : 1]<UL><LI> startup_mcxn947_cm33_core0.o(.text)
</UL>
<P><STRONG><a name="[b6]"></a>EDMA_0_CH11_DriverIRQHandler</STRONG> (Thumb, 4 bytes, Stack size unknown bytes, startup_mcxn947_cm33_core0.o(.text))
<BR>[Address Reference Count : 1]<UL><LI> startup_mcxn947_cm33_core0.o(.text)
</UL>
<P><STRONG><a name="[b7]"></a>EDMA_0_CH12_DriverIRQHandler</STRONG> (Thumb, 4 bytes, Stack size unknown bytes, startup_mcxn947_cm33_core0.o(.text))
<BR>[Address Reference Count : 1]<UL><LI> startup_mcxn947_cm33_core0.o(.text)
</UL>
<P><STRONG><a name="[b8]"></a>EDMA_0_CH13_DriverIRQHandler</STRONG> (Thumb, 4 bytes, Stack size unknown bytes, startup_mcxn947_cm33_core0.o(.text))
<BR>[Address Reference Count : 1]<UL><LI> startup_mcxn947_cm33_core0.o(.text)
</UL>
<P><STRONG><a name="[b9]"></a>EDMA_0_CH14_DriverIRQHandler</STRONG> (Thumb, 4 bytes, Stack size unknown bytes, startup_mcxn947_cm33_core0.o(.text))
<BR>[Address Reference Count : 1]<UL><LI> startup_mcxn947_cm33_core0.o(.text)
</UL>
<P><STRONG><a name="[ba]"></a>EDMA_0_CH15_DriverIRQHandler</STRONG> (Thumb, 4 bytes, Stack size unknown bytes, startup_mcxn947_cm33_core0.o(.text))
<BR>[Address Reference Count : 1]<UL><LI> startup_mcxn947_cm33_core0.o(.text)
</UL>
<P><STRONG><a name="[ac]"></a>EDMA_0_CH1_DriverIRQHandler</STRONG> (Thumb, 4 bytes, Stack size unknown bytes, startup_mcxn947_cm33_core0.o(.text))
<BR>[Address Reference Count : 1]<UL><LI> startup_mcxn947_cm33_core0.o(.text)
</UL>
<P><STRONG><a name="[ad]"></a>EDMA_0_CH2_DriverIRQHandler</STRONG> (Thumb, 4 bytes, Stack size unknown bytes, startup_mcxn947_cm33_core0.o(.text))
<BR>[Address Reference Count : 1]<UL><LI> startup_mcxn947_cm33_core0.o(.text)
</UL>
<P><STRONG><a name="[ae]"></a>EDMA_0_CH3_DriverIRQHandler</STRONG> (Thumb, 4 bytes, Stack size unknown bytes, startup_mcxn947_cm33_core0.o(.text))
<BR>[Address Reference Count : 1]<UL><LI> startup_mcxn947_cm33_core0.o(.text)
</UL>
<P><STRONG><a name="[af]"></a>EDMA_0_CH4_DriverIRQHandler</STRONG> (Thumb, 4 bytes, Stack size unknown bytes, startup_mcxn947_cm33_core0.o(.text))
<BR>[Address Reference Count : 1]<UL><LI> startup_mcxn947_cm33_core0.o(.text)
</UL>
<P><STRONG><a name="[b0]"></a>EDMA_0_CH5_DriverIRQHandler</STRONG> (Thumb, 4 bytes, Stack size unknown bytes, startup_mcxn947_cm33_core0.o(.text))
<BR>[Address Reference Count : 1]<UL><LI> startup_mcxn947_cm33_core0.o(.text)
</UL>
<P><STRONG><a name="[b1]"></a>EDMA_0_CH6_DriverIRQHandler</STRONG> (Thumb, 4 bytes, Stack size unknown bytes, startup_mcxn947_cm33_core0.o(.text))
<BR>[Address Reference Count : 1]<UL><LI> startup_mcxn947_cm33_core0.o(.text)
</UL>
<P><STRONG><a name="[b2]"></a>EDMA_0_CH7_DriverIRQHandler</STRONG> (Thumb, 4 bytes, Stack size unknown bytes, startup_mcxn947_cm33_core0.o(.text))
<BR>[Address Reference Count : 1]<UL><LI> startup_mcxn947_cm33_core0.o(.text)
</UL>
<P><STRONG><a name="[b3]"></a>EDMA_0_CH8_DriverIRQHandler</STRONG> (Thumb, 4 bytes, Stack size unknown bytes, startup_mcxn947_cm33_core0.o(.text))
<BR>[Address Reference Count : 1]<UL><LI> startup_mcxn947_cm33_core0.o(.text)
</UL>
<P><STRONG><a name="[b4]"></a>EDMA_0_CH9_DriverIRQHandler</STRONG> (Thumb, 4 bytes, Stack size unknown bytes, startup_mcxn947_cm33_core0.o(.text))
<BR>[Address Reference Count : 1]<UL><LI> startup_mcxn947_cm33_core0.o(.text)
</UL>
<P><STRONG><a name="[f7]"></a>EDMA_1_CH0_DriverIRQHandler</STRONG> (Thumb, 4 bytes, Stack size unknown bytes, startup_mcxn947_cm33_core0.o(.text))
<BR>[Address Reference Count : 1]<UL><LI> startup_mcxn947_cm33_core0.o(.text)
</UL>
<P><STRONG><a name="[101]"></a>EDMA_1_CH10_DriverIRQHandler</STRONG> (Thumb, 4 bytes, Stack size unknown bytes, startup_mcxn947_cm33_core0.o(.text))
<BR>[Address Reference Count : 1]<UL><LI> startup_mcxn947_cm33_core0.o(.text)
</UL>
<P><STRONG><a name="[102]"></a>EDMA_1_CH11_DriverIRQHandler</STRONG> (Thumb, 4 bytes, Stack size unknown bytes, startup_mcxn947_cm33_core0.o(.text))
<BR>[Address Reference Count : 1]<UL><LI> startup_mcxn947_cm33_core0.o(.text)
</UL>
<P><STRONG><a name="[103]"></a>EDMA_1_CH12_DriverIRQHandler</STRONG> (Thumb, 4 bytes, Stack size unknown bytes, startup_mcxn947_cm33_core0.o(.text))
<BR>[Address Reference Count : 1]<UL><LI> startup_mcxn947_cm33_core0.o(.text)
</UL>
<P><STRONG><a name="[104]"></a>EDMA_1_CH13_DriverIRQHandler</STRONG> (Thumb, 4 bytes, Stack size unknown bytes, startup_mcxn947_cm33_core0.o(.text))
<BR>[Address Reference Count : 1]<UL><LI> startup_mcxn947_cm33_core0.o(.text)
</UL>
<P><STRONG><a name="[105]"></a>EDMA_1_CH14_DriverIRQHandler</STRONG> (Thumb, 4 bytes, Stack size unknown bytes, startup_mcxn947_cm33_core0.o(.text))
<BR>[Address Reference Count : 1]<UL><LI> startup_mcxn947_cm33_core0.o(.text)
</UL>
<P><STRONG><a name="[106]"></a>EDMA_1_CH15_DriverIRQHandler</STRONG> (Thumb, 4 bytes, Stack size unknown bytes, startup_mcxn947_cm33_core0.o(.text))
<BR>[Address Reference Count : 1]<UL><LI> startup_mcxn947_cm33_core0.o(.text)
</UL>
<P><STRONG><a name="[f8]"></a>EDMA_1_CH1_DriverIRQHandler</STRONG> (Thumb, 4 bytes, Stack size unknown bytes, startup_mcxn947_cm33_core0.o(.text))
<BR>[Address Reference Count : 1]<UL><LI> startup_mcxn947_cm33_core0.o(.text)
</UL>
<P><STRONG><a name="[f9]"></a>EDMA_1_CH2_DriverIRQHandler</STRONG> (Thumb, 4 bytes, Stack size unknown bytes, startup_mcxn947_cm33_core0.o(.text))
<BR>[Address Reference Count : 1]<UL><LI> startup_mcxn947_cm33_core0.o(.text)
</UL>
<P><STRONG><a name="[fa]"></a>EDMA_1_CH3_DriverIRQHandler</STRONG> (Thumb, 4 bytes, Stack size unknown bytes, startup_mcxn947_cm33_core0.o(.text))
<BR>[Address Reference Count : 1]<UL><LI> startup_mcxn947_cm33_core0.o(.text)
</UL>
<P><STRONG><a name="[fb]"></a>EDMA_1_CH4_DriverIRQHandler</STRONG> (Thumb, 4 bytes, Stack size unknown bytes, startup_mcxn947_cm33_core0.o(.text))
<BR>[Address Reference Count : 1]<UL><LI> startup_mcxn947_cm33_core0.o(.text)
</UL>
<P><STRONG><a name="[fc]"></a>EDMA_1_CH5_DriverIRQHandler</STRONG> (Thumb, 4 bytes, Stack size unknown bytes, startup_mcxn947_cm33_core0.o(.text))
<BR>[Address Reference Count : 1]<UL><LI> startup_mcxn947_cm33_core0.o(.text)
</UL>
<P><STRONG><a name="[fd]"></a>EDMA_1_CH6_DriverIRQHandler</STRONG> (Thumb, 4 bytes, Stack size unknown bytes, startup_mcxn947_cm33_core0.o(.text))
<BR>[Address Reference Count : 1]<UL><LI> startup_mcxn947_cm33_core0.o(.text)
</UL>
<P><STRONG><a name="[fe]"></a>EDMA_1_CH7_DriverIRQHandler</STRONG> (Thumb, 4 bytes, Stack size unknown bytes, startup_mcxn947_cm33_core0.o(.text))
<BR>[Address Reference Count : 1]<UL><LI> startup_mcxn947_cm33_core0.o(.text)
</UL>
<P><STRONG><a name="[ff]"></a>EDMA_1_CH8_DriverIRQHandler</STRONG> (Thumb, 4 bytes, Stack size unknown bytes, startup_mcxn947_cm33_core0.o(.text))
<BR>[Address Reference Count : 1]<UL><LI> startup_mcxn947_cm33_core0.o(.text)
</UL>
<P><STRONG><a name="[100]"></a>EDMA_1_CH9_DriverIRQHandler</STRONG> (Thumb, 4 bytes, Stack size unknown bytes, startup_mcxn947_cm33_core0.o(.text))
<BR>[Address Reference Count : 1]<UL><LI> startup_mcxn947_cm33_core0.o(.text)
</UL>
<P><STRONG><a name="[f3]"></a>ELS_DriverIRQHandler</STRONG> (Thumb, 4 bytes, Stack size unknown bytes, startup_mcxn947_cm33_core0.o(.text))
<BR>[Address Reference Count : 1]<UL><LI> startup_mcxn947_cm33_core0.o(.text)
</UL>
<P><STRONG><a name="[130]"></a>ELS_ERR_DriverIRQHandler</STRONG> (Thumb, 4 bytes, Stack size unknown bytes, startup_mcxn947_cm33_core0.o(.text))
<BR>[Address Reference Count : 1]<UL><LI> startup_mcxn947_cm33_core0.o(.text)
</UL>
<P><STRONG><a name="[111]"></a>EMVSIM0_DriverIRQHandler</STRONG> (Thumb, 4 bytes, Stack size unknown bytes, startup_mcxn947_cm33_core0.o(.text))
<BR>[Address Reference Count : 1]<UL><LI> startup_mcxn947_cm33_core0.o(.text)
</UL>
[...]
</UL>
<BR>[Calls]<UL><LI><a href="#[194]">&gt;&gt;</a>&nbsp;&nbsp;&nbsp;usb_vcom_main
<LI><a href="#[195]">&gt;&gt;</a>&nbsp;&nbsp;&nbsp;rt_components_board_init
</UL>
<BR>[Called By]<UL><LI><a href="#[a7]">&gt;&gt;</a>&nbsp;&nbsp;&nbsp;main
</UL>

<P><STRONG><a name="[154]"></a>rt_hw_hard_fault_exception</STRONG> (Thumb, 30 bytes, Stack size 8 bytes, cpuport.o(.text.rt_hw_hard_fault_exception))
<BR><BR>[Stack]<UL><LI>Max Depth = 8<LI>Call Chain = rt_hw_hard_fault_exception
</UL>
<BR>[Called By]<UL><LI><a href="#[2]">&gt;&gt;</a>&nbsp;&nbsp;&nbsp;HardFault_Handler
</UL>

<P><STRONG><a name="[1a2]"></a>rt_hw_stack_init</STRONG> (Thumb, 80 bytes, Stack size 16 bytes, cpuport.o(.text.rt_hw_stack_init))
<BR><BR>[Stack]<UL><LI>Max Depth = 16<LI>Call Chain = rt_hw_stack_init
</UL>
<BR>[Called By]<UL><LI><a href="#[161]">&gt;&gt;</a>&nbsp;&nbsp;&nbsp;rt_thread_init
</UL>

<P><STRONG><a name="[188]"></a>rt_interrupt_enter</STRONG> (Thumb, 28 bytes, Stack size 8 bytes, irq.o(.text.rt_interrupt_enter))
<BR><BR>[Stack]<UL><LI>Max Depth = 8<LI>Call Chain = rt_interrupt_enter
</UL>
<BR>[Calls]<UL><LI><a href="#[191]">&gt;&gt;</a>&nbsp;&nbsp;&nbsp;rt_hw_interrupt_enable
<LI><a href="#[15c]">&gt;&gt;</a>&nbsp;&nbsp;&nbsp;rt_hw_interrupt_disable
</UL>
<BR>[Called By]<UL><LI><a href="#[a]">&gt;&gt;</a>&nbsp;&nbsp;&nbsp;SysTick_Handler
</UL>

<P><STRONG><a name="[18a]"></a>rt_interrupt_leave</STRONG> (Thumb, 28 bytes, Stack size 8 bytes, irq.o(.text.rt_interrupt_leave))
<BR><BR>[Stack]<UL><LI>Max Depth = 8<LI>Call Chain = rt_interrupt_leave
</UL>
<BR>[Calls]<UL><LI><a href="#[191]">&gt;&gt;</a>&nbsp;&nbsp;&nbsp;rt_hw_interrupt_enable
<LI><a href="#[15c]">&gt;&gt;</a>&nbsp;&nbsp;&nbsp;rt_hw_interrupt_disable
</UL>
<BR>[Called By]<UL><LI><a href="#[a]">&gt;&gt;</a>&nbsp;&nbsp;&nbsp;SysTick_Handler
</UL>

<P><STRONG><a name="[1a1]"></a>rt_memset</STRONG> (Thumb, 18 bytes, Stack size 0 bytes, kservice.o(.text.rt_memset))
<BR><BR>[Called By]<UL><LI><a href="#[161]">&gt;&gt;</a>&nbsp;&nbsp;&nbsp;rt_thread_init
</UL>

<P><STRONG><a name="[196]"></a>rt_object_detach</STRONG> (Thumb, 36 bytes, Stack size 8 bytes, object.o(.text.rt_object_detach))
<BR><BR>[Stack]<UL><LI>Max Depth = 8<LI>Call Chain = rt_object_detach
</UL>
<BR>[Calls]<UL><LI><a href="#[191]">&gt;&gt;</a>&nbsp;&nbsp;&nbsp;rt_hw_interrupt_enable
<LI><a href="#[15c]">&gt;&gt;</a>&nbsp;&nbsp;&nbsp;rt_hw_interrupt_disable
</UL>
<BR>[Called By]<UL><LI><a href="#[19f]">&gt;&gt;</a>&nbsp;&nbsp;&nbsp;rt_timer_detach
<LI><a href="#[149]">&gt;&gt;</a>&nbsp;&nbsp;&nbsp;rt_thread_exit
</UL>

<P><STRONG><a name="[197]"></a>rt_object_init</STRONG> (Thumb, 100 bytes, Stack size 24 bytes, object.o(.text.rt_object_init))
<BR><BR>[Stack]<UL><LI>Max Depth = 40<LI>Call Chain = rt_object_init &rArr; rt_exit_critical &rArr; rt_schedule
</UL>
<BR>[Calls]<UL><LI><a href="#[192]">&gt;&gt;</a>&nbsp;&nbsp;&nbsp;rt_exit_critical
<LI><a href="#[190]">&gt;&gt;</a>&nbsp;&nbsp;&nbsp;rt_enter_critical
<LI><a href="#[198]">&gt;&gt;</a>&nbsp;&nbsp;&nbsp;rt_strncpy
<LI><a href="#[191]">&gt;&gt;</a>&nbsp;&nbsp;&nbsp;rt_hw_interrupt_enable
<LI><a href="#[15c]">&gt;&gt;</a>&nbsp;&nbsp;&nbsp;rt_hw_interrupt_disable
</UL>
<BR>[Called By]<UL><LI><a href="#[1a3]">&gt;&gt;</a>&nbsp;&nbsp;&nbsp;rt_timer_init
<LI><a href="#[161]">&gt;&gt;</a>&nbsp;&nbsp;&nbsp;rt_thread_init
</UL>

<P><STRONG><a name="[1a0]"></a>rt_object_is_systemobject</STRONG> (Thumb, 6 bytes, Stack size 0 bytes, object.o(.text.rt_object_is_systemobject))
<BR><BR>[Called By]<UL><LI><a href="#[149]">&gt;&gt;</a>&nbsp;&nbsp;&nbsp;rt_thread_exit
</UL>

<P><STRONG><a name="[193]"></a>rt_schedule</STRONG> (Thumb, 126 bytes, Stack size 8 bytes, scheduler.o(.text.rt_schedule))
<BR><BR>[Stack]<UL><LI>Max Depth = 8<LI>Call Chain = rt_schedule
</UL>
<BR>[Calls]<UL><LI><a href="#[199]">&gt;&gt;</a>&nbsp;&nbsp;&nbsp;__rt_ffs
<LI><a href="#[19a]">&gt;&gt;</a>&nbsp;&nbsp;&nbsp;rt_hw_context_switch_interrupt
<LI><a href="#[19b]">&gt;&gt;</a>&nbsp;&nbsp;&nbsp;rt_hw_context_switch
<LI><a href="#[191]">&gt;&gt;</a>&nbsp;&nbsp;&nbsp;rt_hw_interrupt_enable
<LI><a href="#[15c]">&gt;&gt;</a>&nbsp;&nbsp;&nbsp;rt_hw_interrupt_disable
</UL>
<BR>[Called By]<UL><LI><a href="#[14a]">&gt;&gt;</a>&nbsp;&nbsp;&nbsp;rt_thread_timeout
<LI><a href="#[149]">&gt;&gt;</a>&nbsp;&nbsp;&nbsp;rt_thread_exit
<LI><a href="#[192]">&gt;&gt;</a>&nbsp;&nbsp;&nbsp;rt_exit_critical
<LI><a href="#[162]">&gt;&gt;</a>&nbsp;&nbsp;&nbsp;rt_thread_startup
<LI><a href="#[1a5]">&gt;&gt;</a>&nbsp;&nbsp;&nbsp;rt_thread_yield
</UL>

<P><STRONG><a name="[19c]"></a>rt_schedule_insert_thread</STRONG> (Thumb, 80 bytes, Stack size 8 bytes, scheduler.o(.text.rt_schedule_insert_thread))
<BR><BR>[Stack]<UL><LI>Max Depth = 8<LI>Call Chain = rt_schedule_insert_thread
</UL>
<BR>[Calls]<UL><LI><a href="#[191]">&gt;&gt;</a>&nbsp;&nbsp;&nbsp;rt_hw_interrupt_enable
<LI><a href="#[15c]">&gt;&gt;</a>&nbsp;&nbsp;&nbsp;rt_hw_interrupt_disable
</UL>
<BR>[Called By]<UL><LI><a href="#[14a]">&gt;&gt;</a>&nbsp;&nbsp;&nbsp;rt_thread_timeout
<LI><a href="#[162]">&gt;&gt;</a>&nbsp;&nbsp;&nbsp;rt_thread_startup
</UL>

<P><STRONG><a name="[19d]"></a>rt_schedule_remove_thread</STRONG> (Thumb, 84 bytes, Stack size 16 bytes, scheduler.o(.text.rt_schedule_remove_thread))
<BR><BR>[Stack]<UL><LI>Max Depth = 16<LI>Call Chain = rt_schedule_remove_thread
</UL>
<BR>[Calls]<UL><LI><a href="#[191]">&gt;&gt;</a>&nbsp;&nbsp;&nbsp;rt_hw_interrupt_enable
<LI><a href="#[15c]">&gt;&gt;</a>&nbsp;&nbsp;&nbsp;rt_hw_interrupt_disable
</UL>
<BR>[Called By]<UL><LI><a href="#[149]">&gt;&gt;</a>&nbsp;&nbsp;&nbsp;rt_thread_exit
</UL>

<P><STRONG><a name="[156]"></a>rt_secure_svc_handle</STRONG> (Thumb, 24 bytes, Stack size 0 bytes, trustzone.o(.text.rt_secure_svc_handle))
<BR><BR>[Called By]<UL><LI><a href="#[155]">&gt;&gt;</a>&nbsp;&nbsp;&nbsp;tzcall_entry
</UL>

<P><STRONG><a name="[15e]"></a>rt_show_version</STRONG> (Thumb, 2 bytes, Stack size 0 bytes, kservice.o(.text.rt_show_version))
<BR><BR>[Called By]<UL><LI><a href="#[a7]">&gt;&gt;</a>&nbsp;&nbsp;&nbsp;main
</UL>

<P><STRONG><a name="[198]"></a>rt_strncpy</STRONG> (Thumb, 60 bytes, Stack size 8 bytes, kservice.o(.text.rt_strncpy))
<BR><BR>[Stack]<UL><LI>Max Depth = 8<LI>Call Chain = rt_strncpy
</UL>
<BR>[Called By]<UL><LI><a href="#[197]">&gt;&gt;</a>&nbsp;&nbsp;&nbsp;rt_object_init
</UL>

<P><STRONG><a name="[160]"></a>rt_system_scheduler_init</STRONG> (Thumb, 80 bytes, Stack size 0 bytes, scheduler.o(.text.rt_system_scheduler_init))
<BR><BR>[Called By]<UL><LI><a href="#[a7]">&gt;&gt;</a>&nbsp;&nbsp;&nbsp;main
</UL>

<P><STRONG><a name="[165]"></a>rt_system_scheduler_start</STRONG> (Thumb, 56 bytes, Stack size 8 bytes, scheduler.o(.text.rt_system_scheduler_start))
<BR><BR>[Stack]<UL><LI>Max Depth = 8<LI>Call Chain = rt_system_scheduler_start
</UL>
<BR>[Calls]<UL><LI><a href="#[199]">&gt;&gt;</a>&nbsp;&nbsp;&nbsp;__rt_ffs
<LI><a href="#[19e]">&gt;&gt;</a>&nbsp;&nbsp;&nbsp;rt_hw_context_switch_to
</UL>
<BR>[Called By]<UL><LI><a href="#[a7]">&gt;&gt;</a>&nbsp;&nbsp;&nbsp;main
</UL>

<P><STRONG><a name="[15f]"></a>rt_system_timer_init</STRONG> (Thumb, 14 bytes, Stack size 0 bytes, timer.o(.text.rt_system_timer_init))
<BR><BR>[Called By]<UL><LI><a href="#[a7]">&gt;&gt;</a>&nbsp;&nbsp;&nbsp;main
</UL>

<P><STRONG><a name="[163]"></a>rt_system_timer_thread_init</STRONG> (Thumb, 2 bytes, Stack size 0 bytes, timer.o(.text.rt_system_timer_thread_init))
<BR><BR>[Called By]<UL><LI><a href="#[a7]">&gt;&gt;</a>&nbsp;&nbsp;&nbsp;main
</UL>

<P><STRONG><a name="[149]"></a>rt_thread_exit</STRONG> (Thumb, 112 bytes, Stack size 16 bytes, thread.o(.text.rt_thread_exit))
<BR><BR>[Stack]<UL><LI>Max Depth = 32<LI>Call Chain = rt_thread_exit &rArr; rt_timer_detach &rArr; rt_object_detach
</UL>
<BR>[Calls]<UL><LI><a href="#[19f]">&gt;&gt;</a>&nbsp;&nbsp;&nbsp;rt_timer_detach
<LI><a href="#[19d]">&gt;&gt;</a>&nbsp;&nbsp;&nbsp;rt_schedule_remove_thread
<LI><a href="#[1a0]">&gt;&gt;</a>&nbsp;&nbsp;&nbsp;rt_object_is_systemobject
<LI><a href="#[193]">&gt;&gt;</a>&nbsp;&nbsp;&nbsp;rt_schedule
<LI><a href="#[196]">&gt;&gt;</a>&nbsp;&nbsp;&nbsp;rt_object_detach
<LI><a href="#[191]">&gt;&gt;</a>&nbsp;&nbsp;&nbsp;rt_hw_interrupt_enable
<LI><a href="#[15c]">&gt;&gt;</a>&nbsp;&nbsp;&nbsp;rt_hw_interrupt_disable
</UL>
<BR>[Address Reference Count : 1]<UL><LI> thread.o(.text.rt_thread_init)
</UL>
<P><STRONG><a name="[164]"></a>rt_thread_idle_init</STRONG> (Thumb, 72 bytes, Stack size 24 bytes, idle.o(.text.rt_thread_idle_init))
<BR><BR>[Stack]<UL><LI>Max Depth = 128<LI>Call Chain = rt_thread_idle_init &rArr; rt_thread_init &rArr; rt_timer_init &rArr; rt_object_init &rArr; rt_exit_critical &rArr; rt_schedule
</UL>
<BR>[Calls]<UL><LI><a href="#[162]">&gt;&gt;</a>&nbsp;&nbsp;&nbsp;rt_thread_startup
<LI><a href="#[161]">&gt;&gt;</a>&nbsp;&nbsp;&nbsp;rt_thread_init
</UL>
<BR>[Called By]<UL><LI><a href="#[a7]">&gt;&gt;</a>&nbsp;&nbsp;&nbsp;main
</UL>

<P><STRONG><a name="[161]"></a>rt_thread_init</STRONG> (Thumb, 142 bytes, Stack size 40 bytes, thread.o(.text.rt_thread_init))
<BR><BR>[Stack]<UL><LI>Max Depth = 104<LI>Call Chain = rt_thread_init &rArr; rt_timer_init &rArr; rt_object_init &rArr; rt_exit_critical &rArr; rt_schedule
</UL>
<BR>[Calls]<UL><LI><a href="#[1a3]">&gt;&gt;</a>&nbsp;&nbsp;&nbsp;rt_timer_init
<LI><a href="#[1a1]">&gt;&gt;</a>&nbsp;&nbsp;&nbsp;rt_memset
<LI><a href="#[197]">&gt;&gt;</a>&nbsp;&nbsp;&nbsp;rt_object_init
<LI><a href="#[1a2]">&gt;&gt;</a>&nbsp;&nbsp;&nbsp;rt_hw_stack_init
</UL>
<BR>[Called By]<UL><LI><a href="#[164]">&gt;&gt;</a>&nbsp;&nbsp;&nbsp;rt_thread_idle_init
<LI><a href="#[a7]">&gt;&gt;</a>&nbsp;&nbsp;&nbsp;main
</UL>

<P><STRONG><a name="[1a6]"></a>rt_thread_self</STRONG> (Thumb, 12 bytes, Stack size 0 bytes, thread.o(.text.rt_thread_self))
<BR><BR>[Called By]<UL><LI><a href="#[189]">&gt;&gt;</a>&nbsp;&nbsp;&nbsp;rt_tick_increase
</UL>

<P><STRONG><a name="[162]"></a>rt_thread_startup</STRONG> (Thumb, 92 bytes, Stack size 16 bytes, thread.o(.text.rt_thread_startup))
<BR><BR>[Stack]<UL><LI>Max Depth = 24<LI>Call Chain = rt_thread_startup &rArr; rt_timer_stop
</UL>
<BR>[Calls]<UL><LI><a href="#[1a4]">&gt;&gt;</a>&nbsp;&nbsp;&nbsp;rt_timer_stop
<LI><a href="#[19c]">&gt;&gt;</a>&nbsp;&nbsp;&nbsp;rt_schedule_insert_thread
<LI><a href="#[193]">&gt;&gt;</a>&nbsp;&nbsp;&nbsp;rt_schedule
<LI><a href="#[191]">&gt;&gt;</a>&nbsp;&nbsp;&nbsp;rt_hw_interrupt_enable
<LI><a href="#[15c]">&gt;&gt;</a>&nbsp;&nbsp;&nbsp;rt_hw_interrupt_disable
</UL>
<BR>[Called By]<UL><LI><a href="#[164]">&gt;&gt;</a>&nbsp;&nbsp;&nbsp;rt_thread_idle_init
<LI><a href="#[a7]">&gt;&gt;</a>&nbsp;&nbsp;&nbsp;main
</UL>

<P><STRONG><a name="[14a]"></a>rt_thread_timeout</STRONG> (Thumb, 40 bytes, Stack size 8 bytes, thread.o(.text.rt_thread_timeout))
<BR><BR>[Stack]<UL><LI>Max Depth = 16<LI>Call Chain = rt_thread_timeout &rArr; rt_schedule_insert_thread
</UL>
<BR>[Calls]<UL><LI><a href="#[19c]">&gt;&gt;</a>&nbsp;&nbsp;&nbsp;rt_schedule_insert_thread
<LI><a href="#[193]">&gt;&gt;</a>&nbsp;&nbsp;&nbsp;rt_schedule
</UL>
<BR>[Address Reference Count : 1]<UL><LI> thread.o(.text.rt_thread_init)
</UL>
<P><STRONG><a name="[1a5]"></a>rt_thread_yield</STRONG> (Thumb, 108 bytes, Stack size 8 bytes, thread.o(.text.rt_thread_yield))
<BR><BR>[Stack]<UL><LI>Max Depth = 16<LI>Call Chain = rt_thread_yield &rArr; rt_schedule
</UL>
<BR>[Calls]<UL><LI><a href="#[193]">&gt;&gt;</a>&nbsp;&nbsp;&nbsp;rt_schedule
<LI><a href="#[191]">&gt;&gt;</a>&nbsp;&nbsp;&nbsp;rt_hw_interrupt_enable
<LI><a href="#[15c]">&gt;&gt;</a>&nbsp;&nbsp;&nbsp;rt_hw_interrupt_disable
</UL>
<BR>[Called By]<UL><LI><a href="#[189]">&gt;&gt;</a>&nbsp;&nbsp;&nbsp;rt_tick_increase
</UL>

<P><STRONG><a name="[1a8]"></a>rt_tick_get</STRONG> (Thumb, 12 bytes, Stack size 0 bytes, clock.o(.text.rt_tick_get))
<BR><BR>[Called By]<UL><LI><a href="#[1a9]">&gt;&gt;</a>&nbsp;&nbsp;&nbsp;rt_timer_start
<LI><a href="#[1a7]">&gt;&gt;</a>&nbsp;&nbsp;&nbsp;rt_timer_check
</UL>

<P><STRONG><a name="[189]"></a>rt_tick_increase</STRONG> (Thumb, 52 bytes, Stack size 8 bytes, clock.o(.text.rt_tick_increase))
<BR><BR>[Stack]<UL><LI>Max Depth = 72<LI>Call Chain = rt_tick_increase &rArr; rt_timer_check &rArr; rt_timer_start
</UL>
<BR>[Calls]<UL><LI><a href="#[1a5]">&gt;&gt;</a>&nbsp;&nbsp;&nbsp;rt_thread_yield
<LI><a href="#[1a7]">&gt;&gt;</a>&nbsp;&nbsp;&nbsp;rt_timer_check
<LI><a href="#[1a6]">&gt;&gt;</a>&nbsp;&nbsp;&nbsp;rt_thread_self
</UL>
<BR>[Called By]<UL><LI><a href="#[a]">&gt;&gt;</a>&nbsp;&nbsp;&nbsp;SysTick_Handler
</UL>

<P><STRONG><a name="[1a7]"></a>rt_timer_check</STRONG> (Thumb, 176 bytes, Stack size 40 bytes, timer.o(.text.rt_timer_check))
<BR><BR>[Stack]<UL><LI>Max Depth = 64<LI>Call Chain = rt_timer_check &rArr; rt_timer_start
</UL>
<BR>[Calls]<UL><LI><a href="#[1a9]">&gt;&gt;</a>&nbsp;&nbsp;&nbsp;rt_timer_start
<LI><a href="#[1a8]">&gt;&gt;</a>&nbsp;&nbsp;&nbsp;rt_tick_get
<LI><a href="#[191]">&gt;&gt;</a>&nbsp;&nbsp;&nbsp;rt_hw_interrupt_enable
<LI><a href="#[15c]">&gt;&gt;</a>&nbsp;&nbsp;&nbsp;rt_hw_interrupt_disable
</UL>
<BR>[Called By]<UL><LI><a href="#[189]">&gt;&gt;</a>&nbsp;&nbsp;&nbsp;rt_tick_increase
</UL>

<P><STRONG><a name="[19f]"></a>rt_timer_detach</STRONG> (Thumb, 48 bytes, Stack size 8 bytes, timer.o(.text.rt_timer_detach))
<BR><BR>[Stack]<UL><LI>Max Depth = 16<LI>Call Chain = rt_timer_detach &rArr; rt_object_detach
</UL>
<BR>[Calls]<UL><LI><a href="#[196]">&gt;&gt;</a>&nbsp;&nbsp;&nbsp;rt_object_detach
<LI><a href="#[191]">&gt;&gt;</a>&nbsp;&nbsp;&nbsp;rt_hw_interrupt_enable
<LI><a href="#[15c]">&gt;&gt;</a>&nbsp;&nbsp;&nbsp;rt_hw_interrupt_disable
</UL>
<BR>[Called By]<UL><LI><a href="#[149]">&gt;&gt;</a>&nbsp;&nbsp;&nbsp;rt_thread_exit
</UL>

<P><STRONG><a name="[1a3]"></a>rt_timer_init</STRONG> (Thumb, 50 bytes, Stack size 24 bytes, timer.o(.text.rt_timer_init))
<BR><BR>[Stack]<UL><LI>Max Depth = 64<LI>Call Chain = rt_timer_init &rArr; rt_object_init &rArr; rt_exit_critical &rArr; rt_schedule
</UL>
<BR>[Calls]<UL><LI><a href="#[197]">&gt;&gt;</a>&nbsp;&nbsp;&nbsp;rt_object_init
</UL>
<BR>[Called By]<UL><LI><a href="#[161]">&gt;&gt;</a>&nbsp;&nbsp;&nbsp;rt_thread_init
</UL>

<P><STRONG><a name="[1a9]"></a>rt_timer_start</STRONG> (Thumb, 134 bytes, Stack size 24 bytes, timer.o(.text.rt_timer_start))
<BR><BR>[Stack]<UL><LI>Max Depth = 24<LI>Call Chain = rt_timer_start
</UL>
<BR>[Calls]<UL><LI><a href="#[1a8]">&gt;&gt;</a>&nbsp;&nbsp;&nbsp;rt_tick_get
<LI><a href="#[191]">&gt;&gt;</a>&nbsp;&nbsp;&nbsp;rt_hw_interrupt_enable
<LI><a href="#[15c]">&gt;&gt;</a>&nbsp;&nbsp;&nbsp;rt_hw_interrupt_disable
</UL>
<BR>[Called By]<UL><LI><a href="#[1a7]">&gt;&gt;</a>&nbsp;&nbsp;&nbsp;rt_timer_check
</UL>

<P><STRONG><a name="[1a4]"></a>rt_timer_stop</STRONG> (Thumb, 56 bytes, Stack size 8 bytes, timer.o(.text.rt_timer_stop))
<BR><BR>[Stack]<UL><LI>Max Depth = 8<LI>Call Chain = rt_timer_stop
</UL>
<BR>[Calls]<UL><LI><a href="#[191]">&gt;&gt;</a>&nbsp;&nbsp;&nbsp;rt_hw_interrupt_enable
<LI><a href="#[15c]">&gt;&gt;</a>&nbsp;&nbsp;&nbsp;rt_hw_interrupt_disable
</UL>
<BR>[Called By]<UL><LI><a href="#[162]">&gt;&gt;</a>&nbsp;&nbsp;&nbsp;rt_thread_startup
</UL>

<P><STRONG><a name="[153]"></a>rt_trustzone_context_load</STRONG> (Thumb, 2 bytes, Stack size 0 bytes, trustzone.o(.text.rt_trustzone_context_load))
<BR><BR>[Called By]<UL><LI><a href="#[9]">&gt;&gt;</a>&nbsp;&nbsp;&nbsp;PendSV_Handler
</UL>

<P><STRONG><a name="[152]"></a>rt_trustzone_context_store</STRONG> (Thumb, 2 bytes, Stack size 0 bytes, trustzone.o(.text.rt_trustzone_context_store))
<BR><BR>[Called By]<UL><LI><a href="#[9]">&gt;&gt;</a>&nbsp;&nbsp;&nbsp;PendSV_Handler
</UL>

<P><STRONG><a name="[194]"></a>usb_vcom_main</STRONG> (Thumb, 34 bytes, Stack size 8 bytes, virtual_com.o(.text.usb_vcom_main))
<BR><BR>[Stack]<UL><LI>Max Depth = 448<LI>Call Chain = usb_vcom_main &rArr; BOARD_InitDebugConsole &rArr; DbgConsole_Init &rArr; SerialManager_Init &rArr; Serial_UartInit &rArr; HAL_UartInit &rArr; LPUART_Init &rArr; LP_FLEXCOMM_Init &rArr; __aeabi_assert &rArr; DbgConsole_Printf &rArr; StrFormatPrintf &rArr; memcpy
</UL>
<BR>[Calls]<UL><LI><a href="#[1ab]">&gt;&gt;</a>&nbsp;&nbsp;&nbsp;CLOCK_SetupExtClocking
<LI><a href="#[16f]">&gt;&gt;</a>&nbsp;&nbsp;&nbsp;BOARD_InitBootClocks
<LI><a href="#[173]">&gt;&gt;</a>&nbsp;&nbsp;&nbsp;BOARD_PowerMode_OD
<LI><a href="#[170]">&gt;&gt;</a>&nbsp;&nbsp;&nbsp;BOARD_InitDebugConsole
<LI><a href="#[1aa]">&gt;&gt;</a>&nbsp;&nbsp;&nbsp;BOARD_InitBootPins
</UL>
<BR>[Called By]<UL><LI><a href="#[15d]">&gt;&gt;</a>&nbsp;&nbsp;&nbsp;rt_hw_board_init
</UL>

<P><STRONG><a name="[1bf]"></a>__scatterload_copy</STRONG> (Thumb, 14 bytes, Stack size unknown bytes, handlers.o(i.__scatterload_copy), UNUSED)

<P><STRONG><a name="[1c0]"></a>__scatterload_null</STRONG> (Thumb, 2 bytes, Stack size unknown bytes, handlers.o(i.__scatterload_null), UNUSED)

<P><STRONG><a name="[1c1]"></a>__scatterload_zeroinit</STRONG> (Thumb, 14 bytes, Stack size unknown bytes, handlers.o(i.__scatterload_zeroinit), UNUSED)
<P>
<H3>
Local Symbols
</H3>
<P><STRONG><a name="[18c]"></a>USB_DeviceEhciCancelControlPipe</STRONG> (Thumb, 254 bytes, Stack size 48 bytes, usb_device_ehci.o(.text.USB_DeviceEhciCancelControlPipe))
<BR><BR>[Stack]<UL><LI>Max Depth = 80<LI>Call Chain = USB_DeviceEhciCancelControlPipe &rArr; USB_DeviceNotificationTrigger
</UL>
<BR>[Calls]<UL><LI><a href="#[18d]">&gt;&gt;</a>&nbsp;&nbsp;&nbsp;USB_DeviceNotificationTrigger
</UL>
<BR>[Called By]<UL><LI><a href="#[18b]">&gt;&gt;</a>&nbsp;&nbsp;&nbsp;USB_DeviceEhciIsrFunction
</UL>

<P><STRONG><a name="[147]"></a>DbgConsole_PrintCallback</STRONG> (Thumb, 110 bytes, Stack size 32 bytes, fsl_debug_console.o(.text.DbgConsole_PrintCallback))
<BR><BR>[Stack]<UL><LI>Max Depth = 40<LI>Call Chain = DbgConsole_PrintCallback &rArr; SerialManager_WriteBlocking &rArr; Serial_UartWrite &rArr; HAL_UartSendBlocking &rArr;  __aeabi_assert (Cycle)
</UL>
<BR>[Calls]<UL><LI><a href="#[179]">&gt;&gt;</a>&nbsp;&nbsp;&nbsp;SerialManager_WriteBlocking
</UL>
<BR>[Address Reference Count : 1]<UL><LI> fsl_debug_console.o(.text.DbgConsole_Printf)
</UL>
<P><STRONG><a name="[155]"></a>tzcall_entry</STRONG> (Thumb, 22 bytes, Stack size 0 bytes, syscall_rvds.o(.text))
<BR><BR>[Calls]<UL><LI><a href="#[156]">&gt;&gt;</a>&nbsp;&nbsp;&nbsp;rt_secure_svc_handle
</UL>
<BR>[Called By]<UL><LI><a href="#[7]">&gt;&gt;</a>&nbsp;&nbsp;&nbsp;SVC_Handler
</UL>

<P><STRONG><a name="[157]"></a>syscall_entry</STRONG> (Thumb, 2 bytes, Stack size 0 bytes, syscall_rvds.o(.text))
<BR><BR>[Called By]<UL><LI><a href="#[7]">&gt;&gt;</a>&nbsp;&nbsp;&nbsp;SVC_Handler
</UL>

<P><STRONG><a name="[14b]"></a>rti_start</STRONG> (Thumb, 4 bytes, Stack size 0 bytes, components.o(.text.rti_start))
<BR>[Address Reference Count : 1]<UL><LI> components.o(.rti_fn.0)
</UL>
<P><STRONG><a name="[14c]"></a>rti_board_start</STRONG> (Thumb, 4 bytes, Stack size 0 bytes, components.o(.text.rti_board_start))
<BR>[Address Reference Count : 1]<UL><LI> components.o(.rti_fn.0.end)
</UL>
<P><STRONG><a name="[14d]"></a>rti_board_end</STRONG> (Thumb, 4 bytes, Stack size 0 bytes, components.o(.text.rti_board_end))
<BR>[Address Reference Count : 1]<UL><LI> components.o(.rti_fn.1.end)
</UL>
<P><STRONG><a name="[14e]"></a>rti_end</STRONG> (Thumb, 4 bytes, Stack size 0 bytes, components.o(.text.rti_end))
<BR>[Address Reference Count : 1]<UL><LI> components.o(.rti_fn.6.end)
</UL>
<P><STRONG><a name="[148]"></a>rt_thread_idle_entry</STRONG> (Thumb, 2 bytes, Stack size 0 bytes, idle.o(.text.rt_thread_idle_entry))
<BR><BR>[Calls]<UL><LI><a href="#[148]">&gt;&gt;</a>&nbsp;&nbsp;&nbsp;rt_thread_idle_entry
</UL>
<BR>[Called By]<UL><LI><a href="#[148]">&gt;&gt;</a>&nbsp;&nbsp;&nbsp;rt_thread_idle_entry
</UL>
<BR>[Address Reference Count : 1]<UL><LI> idle.o(.text.rt_thread_idle_init)
</UL><P>
<H3>
Undefined Global Symbols
</H3><HR></body></html>
